207.6.126.16 - - [07/Feb/2022:17:43:28 +0000] "GET / HTTP/1.1" 500 804 "-" "Mozilla/5.0 (Windows NT 10.0; Win64; x64; rv:96.0) Gecko/20100101 Firefox/96.0"
45.146.165.37 - - [07/Feb/2022:17:46:05 +0000] "GET / HTTP/1.1" 500 804 "-" "Mozilla/5.0 (Windows NT 10.0; Win64; x64) AppleWebKit/537.36 (KHTML, like Gecko) Chrome/78.0.3904.108 Safari/537.36"
207.6.126.16 - - [07/Feb/2022:17:47:19 +0000] "GET / HTTP/1.1" 200 319 "-" "Mozilla/5.0 (Windows NT 10.0; Win64; x64; rv:96.0) Gecko/20100101 Firefox/96.0"
207.6.126.16 - - [07/Feb/2022:17:47:19 +0000] "GET /favicon.ico HTTP/1.1" 404 443 "http://159.89.54.141/" "Mozilla/5.0 (Windows NT 10.0; Win64; x64; rv:96.0) Gecko/20100101 Firefox/96.0"
207.6.126.16 - - [07/Feb/2022:17:47:24 +0000] "GET /index HTTP/1.1" 200 319 "-" "Mozilla/5.0 (Windows NT 10.0; Win64; x64; rv:96.0) Gecko/20100101 Firefox/96.0"
207.6.126.16 - - [07/Feb/2022:17:47:24 +0000] "GET /favicon.ico HTTP/1.1" 404 443 "http://159.89.54.141/index" "Mozilla/5.0 (Windows NT 10.0; Win64; x64; rv:96.0) Gecko/20100101 Firefox/96.0"
185.180.143.7 - - [07/Feb/2022:17:53:08 +0000] "GET / HTTP/1.1" 200 263 "-" "Mozilla/5.0 (Windows NT 10.0; Win64; x64) AppleWebKit/537.36 (KHTML, like Gecko) Chrome/60.0.3112.113 Safari/537.36"
185.180.143.7 - - [07/Feb/2022:17:53:08 +0000] "GET /backend HTTP/1.1" 404 388 "-" "Mozilla/5.0 (Windows NT 10.0; Win64; x64) AppleWebKit/537.36 (KHTML, like Gecko) Chrome/60.0.3112.113 Safari/537.36"
45.146.165.37 - - [07/Feb/2022:18:46:17 +0000] "POST /cgi-bin/.%2e/.%2e/.%2e/.%2e/bin/sh HTTP/1.1" 400 487 "-" "Mozilla/5.0 (Windows NT 10.0; Win64; x64) AppleWebKit/537.36 (KHTML, like Gecko) Chrome/78.0.3904.108 Safari/537.36"
207.6.126.16 - - [07/Feb/2022:18:47:28 +0000] "GET /index HTTP/1.1" 500 804 "-" "Mozilla/5.0 (Windows NT 10.0; Win64; x64; rv:96.0) Gecko/20100101 Firefox/96.0"
207.6.126.16 - - [07/Feb/2022:18:47:29 +0000] "GET /index HTTP/1.1" 200 319 "-" "Mozilla/5.0 (Windows NT 10.0; Win64; x64; rv:96.0) Gecko/20100101 Firefox/96.0"
207.6.126.16 - - [07/Feb/2022:18:47:30 +0000] "GET /favicon.ico HTTP/1.1" 404 443 "http://159.89.54.141/index" "Mozilla/5.0 (Windows NT 10.0; Win64; x64; rv:96.0) Gecko/20100101 Firefox/96.0"
207.6.126.16 - - [07/Feb/2022:18:47:31 +0000] "GET /index HTTP/1.1" 200 319 "-" "Mozilla/5.0 (Windows NT 10.0; Win64; x64; rv:96.0) Gecko/20100101 Firefox/96.0"
207.6.126.16 - - [07/Feb/2022:18:47:32 +0000] "GET /index HTTP/1.1" 200 318 "-" "Mozilla/5.0 (Windows NT 10.0; Win64; x64; rv:96.0) Gecko/20100101 Firefox/96.0"
207.6.126.16 - - [07/Feb/2022:18:47:37 +0000] "GET /about HTTP/1.1" 500 477 "-" "Mozilla/5.0 (Windows NT 10.0; Win64; x64; rv:96.0) Gecko/20100101 Firefox/96.0"
207.6.126.16 - - [07/Feb/2022:18:54:30 +0000] "GET /about HTTP/1.1" 500 804 "-" "Mozilla/5.0 (Windows NT 10.0; Win64; x64; rv:96.0) Gecko/20100101 Firefox/96.0"
207.6.126.16 - - [07/Feb/2022:18:54:32 +0000] "GET /about HTTP/1.1" 500 804 "-" "Mozilla/5.0 (Windows NT 10.0; Win64; x64; rv:96.0) Gecko/20100101 Firefox/96.0"
207.6.126.16 - - [07/Feb/2022:18:54:34 +0000] "GET /about HTTP/1.1" 500 477 "-" "Mozilla/5.0 (Windows NT 10.0; Win64; x64; rv:96.0) Gecko/20100101 Firefox/96.0"
207.6.126.16 - - [07/Feb/2022:18:54:36 +0000] "GET /about HTTP/1.1" 500 477 "-" "Mozilla/5.0 (Windows NT 10.0; Win64; x64; rv:96.0) Gecko/20100101 Firefox/96.0"
207.6.126.16 - - [07/Feb/2022:18:54:41 +0000] "GET /about HTTP/1.1" 500 804 "-" "Mozilla/5.0 (Windows NT 10.0; Win64; x64; rv:96.0) Gecko/20100101 Firefox/96.0"
207.6.126.16 - - [07/Feb/2022:18:55:47 +0000] "GET /about HTTP/1.1" 500 477 "-" "Mozilla/5.0 (Windows NT 10.0; Win64; x64; rv:96.0) Gecko/20100101 Firefox/96.0"
207.6.126.16 - - [07/Feb/2022:18:57:02 +0000] "GET /about HTTP/1.1" 500 477 "-" "Mozilla/5.0 (Windows NT 10.0; Win64; x64; rv:96.0) Gecko/20100101 Firefox/96.0"
207.6.126.16 - - [07/Feb/2022:18:57:03 +0000] "GET /about HTTP/1.1" 500 804 "-" "Mozilla/5.0 (Windows NT 10.0; Win64; x64; rv:96.0) Gecko/20100101 Firefox/96.0"
207.6.126.16 - - [07/Feb/2022:18:57:06 +0000] "GET / HTTP/1.1" 500 804 "-" "Mozilla/5.0 (Windows NT 10.0; Win64; x64; rv:96.0) Gecko/20100101 Firefox/96.0"
207.6.126.16 - - [07/Feb/2022:18:57:08 +0000] "GET / HTTP/1.1" 200 319 "-" "Mozilla/5.0 (Windows NT 10.0; Win64; x64; rv:96.0) Gecko/20100101 Firefox/96.0"
207.6.126.16 - - [07/Feb/2022:18:57:11 +0000] "GET / HTTP/1.1" 200 318 "-" "Mozilla/5.0 (Windows NT 10.0; Win64; x64; rv:96.0) Gecko/20100101 Firefox/96.0"
207.6.126.16 - - [07/Feb/2022:18:57:12 +0000] "GET / HTTP/1.1" 200 318 "-" "Mozilla/5.0 (Windows NT 10.0; Win64; x64; rv:96.0) Gecko/20100101 Firefox/96.0"
207.6.126.16 - - [07/Feb/2022:18:57:15 +0000] "GET /about HTTP/1.1" 500 477 "-" "Mozilla/5.0 (Windows NT 10.0; Win64; x64; rv:96.0) Gecko/20100101 Firefox/96.0"
207.6.126.16 - - [07/Feb/2022:18:59:17 +0000] "GET /about HTTP/1.1" 500 477 "-" "Mozilla/5.0 (Windows NT 10.0; Win64; x64; rv:96.0) Gecko/20100101 Firefox/96.0"
207.6.126.16 - - [07/Feb/2022:18:59:22 +0000] "GET / HTTP/1.1" 500 804 "-" "Mozilla/5.0 (Windows NT 10.0; Win64; x64; rv:96.0) Gecko/20100101 Firefox/96.0"
207.6.126.16 - - [07/Feb/2022:18:59:25 +0000] "GET / HTTP/1.1" 200 319 "-" "Mozilla/5.0 (Windows NT 10.0; Win64; x64; rv:96.0) Gecko/20100101 Firefox/96.0"
207.6.126.16 - - [07/Feb/2022:18:59:27 +0000] "GET / HTTP/1.1" 200 318 "-" "Mozilla/5.0 (Windows NT 10.0; Win64; x64; rv:96.0) Gecko/20100101 Firefox/96.0"
207.6.126.16 - - [07/Feb/2022:18:59:30 +0000] "GET /about HTTP/1.1" 500 477 "-" "Mozilla/5.0 (Windows NT 10.0; Win64; x64; rv:96.0) Gecko/20100101 Firefox/96.0"
207.6.126.16 - - [07/Feb/2022:19:00:40 +0000] "GET /hello HTTP/1.1" 200 321 "-" "Mozilla/5.0 (Windows NT 10.0; Win64; x64; rv:96.0) Gecko/20100101 Firefox/96.0"
207.6.126.16 - - [07/Feb/2022:19:00:56 +0000] "GET /hello HTTP/1.1" 500 804 "-" "Mozilla/5.0 (Windows NT 10.0; Win64; x64; rv:96.0) Gecko/20100101 Firefox/96.0"
207.6.126.16 - - [07/Feb/2022:19:00:58 +0000] "GET /hello HTTP/1.1" 500 804 "-" "Mozilla/5.0 (Windows NT 10.0; Win64; x64; rv:96.0) Gecko/20100101 Firefox/96.0"
207.6.126.16 - - [07/Feb/2022:19:01:58 +0000] "GET /hello HTTP/1.1" 200 321 "-" "Mozilla/5.0 (Windows NT 10.0; Win64; x64; rv:96.0) Gecko/20100101 Firefox/96.0"
207.6.126.16 - - [07/Feb/2022:19:02:00 +0000] "GET /hello HTTP/1.1" 200 320 "-" "Mozilla/5.0 (Windows NT 10.0; Win64; x64; rv:96.0) Gecko/20100101 Firefox/96.0"
207.6.126.16 - - [07/Feb/2022:19:02:02 +0000] "GET /about HTTP/1.1" 500 477 "-" "Mozilla/5.0 (Windows NT 10.0; Win64; x64; rv:96.0) Gecko/20100101 Firefox/96.0"
207.6.126.16 - - [07/Feb/2022:19:02:05 +0000] "GET /about HTTP/1.1" 500 477 "-" "Mozilla/5.0 (Windows NT 10.0; Win64; x64; rv:96.0) Gecko/20100101 Firefox/96.0"
207.6.126.16 - - [07/Feb/2022:19:02:08 +0000] "GET /about HTTP/1.1" 500 804 "-" "Mozilla/5.0 (Windows NT 10.0; Win64; x64; rv:96.0) Gecko/20100101 Firefox/96.0"
207.6.126.16 - - [07/Feb/2022:19:02:22 +0000] "GET /about HTTP/1.1" 500 804 "-" "Mozilla/5.0 (Windows NT 10.0; Win64; x64; rv:96.0) Gecko/20100101 Firefox/96.0"
207.6.126.16 - - [07/Feb/2022:19:02:22 +0000] "GET /favicon.ico HTTP/1.1" 404 444 "http://159.89.54.141/about" "Mozilla/5.0 (Windows NT 10.0; Win64; x64; rv:96.0) Gecko/20100101 Firefox/96.0"
207.6.126.16 - - [07/Feb/2022:19:03:56 +0000] "GET /about HTTP/1.1" 200 348 "-" "Mozilla/5.0 (Windows NT 10.0; Win64; x64; rv:96.0) Gecko/20100101 Firefox/96.0"
207.6.126.16 - - [07/Feb/2022:19:04:03 +0000] "GET / HTTP/1.1" 200 319 "-" "Mozilla/5.0 (Windows NT 10.0; Win64; x64; rv:96.0) Gecko/20100101 Firefox/96.0"
207.6.126.16 - - [07/Feb/2022:19:04:09 +0000] "GET /hello HTTP/1.1" 200 321 "-" "Mozilla/5.0 (Windows NT 10.0; Win64; x64; rv:96.0) Gecko/20100101 Firefox/96.0"
207.6.126.16 - - [07/Feb/2022:19:06:05 +0000] "GET /admin HTTP/1.1" 200 203 "-" "Mozilla/5.0 (Windows NT 10.0; Win64; x64; rv:96.0) Gecko/20100101 Firefox/96.0"
207.6.126.16 - - [07/Feb/2022:19:07:19 +0000] "GET /admin HTTP/1.1" 200 343 "-" "Mozilla/5.0 (Windows NT 10.0; Win64; x64; rv:96.0) Gecko/20100101 Firefox/96.0"
45.146.165.37 - - [07/Feb/2022:19:19:48 +0000] "GET / HTTP/1.1" 200 282 "-" "Mozilla/5.0 (Windows NT 10.0; Win64; x64) AppleWebKit/537.36 (KHTML, like Gecko) Chrome/78.0.3904.108 Safari/537.36"
207.6.126.16 - - [07/Feb/2022:19:52:24 +0000] "GET /about HTTP/1.1" 500 477 "-" "Mozilla/5.0 (Windows NT 10.0; Win64; x64; rv:96.0) Gecko/20100101 Firefox/96.0"
207.6.126.16 - - [07/Feb/2022:19:52:27 +0000] "GET /about HTTP/1.1" 200 348 "-" "Mozilla/5.0 (Windows NT 10.0; Win64; x64; rv:96.0) Gecko/20100101 Firefox/96.0"
207.6.126.16 - - [07/Feb/2022:19:52:27 +0000] "GET /favicon.ico HTTP/1.1" 404 443 "http://159.89.54.141/about" "Mozilla/5.0 (Windows NT 10.0; Win64; x64; rv:96.0) Gecko/20100101 Firefox/96.0"
35.196.132.85 - - [07/Feb/2022:19:52:39 +0000] "GET /about HTTP/1.1" 500 477 "-" "Mozilla/5.0 (compatible; Discordbot/2.0; +https://discordapp.com)"
192.31.180.128 - - [07/Feb/2022:19:52:50 +0000] "GET /about HTTP/1.1" 500 477 "-" "Mozilla/5.0 (Windows NT 10.0; Win64; x64) AppleWebKit/537.36 (KHTML, like Gecko) Chrome/97.0.4692.99 Safari/537.36"
192.31.180.128 - - [07/Feb/2022:19:52:51 +0000] "GET /favicon.ico HTTP/1.1" 404 444 "http://159.89.54.141/about" "Mozilla/5.0 (Windows NT 10.0; Win64; x64) AppleWebKit/537.36 (KHTML, like Gecko) Chrome/97.0.4692.99 Safari/537.36"
192.31.180.128 - - [07/Feb/2022:19:52:56 +0000] "GET /about HTTP/1.1" 200 348 "-" "Mozilla/5.0 (Windows NT 10.0; Win64; x64) AppleWebKit/537.36 (KHTML, like Gecko) Chrome/97.0.4692.99 Safari/537.36"
192.31.180.128 - - [07/Feb/2022:19:52:57 +0000] "GET /favicon.ico HTTP/1.1" 404 443 "http://159.89.54.141/about" "Mozilla/5.0 (Windows NT 10.0; Win64; x64) AppleWebKit/537.36 (KHTML, like Gecko) Chrome/97.0.4692.99 Safari/537.36"
207.6.126.16 - - [07/Feb/2022:19:52:58 +0000] "GET / HTTP/1.1" 200 319 "-" "Mozilla/5.0 (Windows NT 10.0; Win64; x64; rv:96.0) Gecko/20100101 Firefox/96.0"
207.6.126.16 - - [07/Feb/2022:19:52:58 +0000] "GET /favicon.ico HTTP/1.1" 404 443 "http://159.89.54.141/" "Mozilla/5.0 (Windows NT 10.0; Win64; x64; rv:96.0) Gecko/20100101 Firefox/96.0"
192.31.180.128 - - [07/Feb/2022:19:52:58 +0000] "GET /about HTTP/1.1" 500 477 "-" "Mozilla/5.0 (Windows NT 10.0; Win64; x64) AppleWebKit/537.36 (KHTML, like Gecko) Chrome/97.0.4692.99 Safari/537.36"
192.31.180.128 - - [07/Feb/2022:19:53:18 +0000] "GET /about HTTP/1.1" 200 348 "-" "Mozilla/5.0 (Windows NT 10.0; Win64; x64) AppleWebKit/537.36 (KHTML, like Gecko) Chrome/97.0.4692.99 Safari/537.36"
192.31.180.128 - - [07/Feb/2022:19:53:29 +0000] "GET /home HTTP/1.1" 404 444 "-" "Mozilla/5.0 (Windows NT 10.0; Win64; x64) AppleWebKit/537.36 (KHTML, like Gecko) Chrome/97.0.4692.99 Safari/537.36"
207.6.126.16 - - [07/Feb/2022:19:53:29 +0000] "GET /admin HTTP/1.1" 200 343 "-" "Mozilla/5.0 (Windows NT 10.0; Win64; x64; rv:96.0) Gecko/20100101 Firefox/96.0"
207.6.126.16 - - [07/Feb/2022:19:53:29 +0000] "GET /favicon.ico HTTP/1.1" 404 443 "http://159.89.54.141/admin" "Mozilla/5.0 (Windows NT 10.0; Win64; x64; rv:96.0) Gecko/20100101 Firefox/96.0"
35.237.4.214 - - [07/Feb/2022:19:54:08 +0000] "GET /admin HTTP/1.1" 200 147 "-" "Mozilla/5.0 (compatible; Discordbot/2.0; +https://discordapp.com)"
35.237.4.214 - - [07/Feb/2022:19:54:08 +0000] "GET /index HTTP/1.1" 200 189 "-" "Mozilla/5.0 (compatible; Discordbot/2.0; +https://discordapp.com)"
35.237.4.214 - - [07/Feb/2022:19:54:08 +0000] "GET / HTTP/1.1" 200 189 "-" "Mozilla/5.0 (compatible; Discordbot/2.0; +https://discordapp.com)"
35.196.132.85 - - [07/Feb/2022:19:54:08 +0000] "GET /about HTTP/1.1" 200 218 "-" "Mozilla/5.0 (compatible; Discordbot/2.0; +https://discordapp.com)"
205.169.39.49 - - [07/Feb/2022:20:13:12 +0000] "GET /about HTTP/1.1" 200 348 "-" "Mozilla/5.0 (Windows NT 10.0; Win64; x64) AppleWebKit/537.36 (KHTML, like Gecko) Chrome/76.0.3809.71 Safari/537.36"
179.43.170.170 - - [07/Feb/2022:21:13:26 +0000] "GET / HTTP/1.1" 200 282 "-" "Mozilla/5.0 (X11; Ubuntu; Linux x86_64; rv:76.0) Gecko/20100101 Firefox/76.0"
5.8.10.202 - - [07/Feb/2022:21:40:30 +0000] "GET /aaa9 HTTP/1.1" 404 407 "-" "Mozilla/5.0 (Windows NT 10.0; Win64; x64) AppleWebKit/537.36 (KHTML, like Gecko) Chrome/70.0.3538.77 Safari/537.36"
5.8.10.202 - - [07/Feb/2022:21:40:31 +0000] "GET /aab9 HTTP/1.1" 404 407 "-" "Mozilla/5.0 (Windows NT 10.0; Win64; x64) AppleWebKit/537.36 (KHTML, like Gecko) Chrome/70.0.3538.77 Safari/537.36"
89.248.171.23 - - [07/Feb/2022:21:42:35 +0000] "GET / HTTP/1.1" 200 319 "-" "Mozilla/5.0 (Windows NT 10.0; Win64; x64) AppleWebKit/537.36 (KHTML, like Gecko) Chrome/89.0.4389.90 Safari/537.36"
168.119.212.143 - - [07/Feb/2022:21:42:37 +0000] "GET /favicon.ico HTTP/1.1" 404 388 "http://159.89.54.141/" "Mozilla/5.0 (Windows NT 10.0; Win64; x64) AppleWebKit/537.36 (KHTML, like Gecko) Chrome/89.0.4389.90 Safari/537.36"
103.217.123.59 - - [07/Feb/2022:22:53:02 +0000] "POST /HNAP1/ HTTP/1.0" 404 407 "-" "-"
134.249.190.145 - - [07/Feb/2022:23:32:54 +0000] "GET / HTTP/1.1" 200 189 "-" "Mozilla/5.0 (Windows NT 10.0; WOW64) AppleWebKit/537.36 (KHTML, like Gecko) Chrome/51.0.2704.103 Safari/537.36"
179.43.170.170 - - [07/Feb/2022:23:51:21 +0000] "GET / HTTP/1.1" 200 282 "-" "Mozilla/5.0 (X11; Ubuntu; Linux x86_64; rv:76.0) Gecko/20100101 Firefox/76.0"
124.41.214.13 - - [07/Feb/2022:23:54:52 +0000] "GET / HTTP/1.1" 200 189 "-" "Mozilla/5.0 (Macintosh; Intel Mac OS X 10_11_6) AppleWebKit/601.7.7 (KHTML, like Gecko) Version/9.1.2 Safari/601.7.7"
205.169.39.93 - - [08/Feb/2022:00:26:45 +0000] "GET /about HTTP/1.1" 200 348 "-" "Mozilla/5.0 (Windows NT 6.1; Win64; x64) AppleWebKit/537.36 (KHTML, like Gecko) Chrome/83.0.4103.61 Safari/537.36"
205.169.39.93 - - [08/Feb/2022:00:26:47 +0000] "GET /about HTTP/1.1" 200 348 "-" "Mozilla/5.0 (Windows NT 10.0; Win64; x64) AppleWebKit/537.36 (KHTML, like Gecko) Chrome/79.0.3945.79 Safari/537.36"
45.95.169.102 - - [08/Feb/2022:01:13:31 +0000] "GET / HTTP/1.1" 200 282 "-" "Linux Gnu (cow)"
167.248.133.120 - - [08/Feb/2022:01:29:46 +0000] "GET / HTTP/1.1" 200 189 "-" "-"
167.248.133.120 - - [08/Feb/2022:01:29:47 +0000] "GET / HTTP/1.1" 200 263 "-" "Mozilla/5.0 (compatible; CensysInspect/1.1; +https://about.censys.io/)"
184.105.247.194 - - [08/Feb/2022:02:06:16 +0000] "GET / HTTP/1.1" 200 189 "-" "-"
223.70.167.234 - - [08/Feb/2022:03:53:01 +0000] "GET /.env HTTP/1.1" 404 444 "-" "Mozilla/5.0 (Windows NT 6.1) AppleWebKit/537.36 (KHTML, like Gecko) Chrome/86.0.4240.183 Safari/537.36"
223.70.167.234 - - [08/Feb/2022:03:53:02 +0000] "GET /conf/.env HTTP/1.1" 404 444 "-" "Mozilla/5.0 (Windows NT 6.1) AppleWebKit/537.36 (KHTML, like Gecko) Chrome/86.0.4240.183 Safari/537.36"
223.70.167.234 - - [08/Feb/2022:03:53:02 +0000] "GET /wp-content/.env HTTP/1.1" 404 444 "-" "Mozilla/5.0 (Windows NT 6.1) AppleWebKit/537.36 (KHTML, like Gecko) Chrome/86.0.4240.183 Safari/537.36"
223.70.167.234 - - [08/Feb/2022:03:53:03 +0000] "GET /wp-admin/.env HTTP/1.1" 404 444 "-" "Mozilla/5.0 (Windows NT 6.1) AppleWebKit/537.36 (KHTML, like Gecko) Chrome/86.0.4240.183 Safari/537.36"
223.70.167.234 - - [08/Feb/2022:03:53:04 +0000] "GET /library/.env HTTP/1.1" 404 444 "-" "Mozilla/5.0 (Windows NT 6.1) AppleWebKit/537.36 (KHTML, like Gecko) Chrome/86.0.4240.183 Safari/537.36"
223.70.167.234 - - [08/Feb/2022:03:53:05 +0000] "GET /new/.env HTTP/1.1" 404 444 "-" "Mozilla/5.0 (Windows NT 6.1) AppleWebKit/537.36 (KHTML, like Gecko) Chrome/86.0.4240.183 Safari/537.36"
223.70.167.234 - - [08/Feb/2022:03:53:05 +0000] "GET /vendor/.env HTTP/1.1" 404 444 "-" "Mozilla/5.0 (Windows NT 6.1) AppleWebKit/537.36 (KHTML, like Gecko) Chrome/86.0.4240.183 Safari/537.36"
223.70.167.234 - - [08/Feb/2022:03:53:06 +0000] "GET /old/.env HTTP/1.1" 404 444 "-" "Mozilla/5.0 (Windows NT 6.1) AppleWebKit/537.36 (KHTML, like Gecko) Chrome/86.0.4240.183 Safari/537.36"
223.70.167.234 - - [08/Feb/2022:03:53:07 +0000] "GET /local/.env HTTP/1.1" 404 444 "-" "Mozilla/5.0 (Windows NT 6.1) AppleWebKit/537.36 (KHTML, like Gecko) Chrome/86.0.4240.183 Safari/537.36"
223.70.167.234 - - [08/Feb/2022:03:53:07 +0000] "GET /api/.env HTTP/1.1" 404 444 "-" "Mozilla/5.0 (Windows NT 6.1) AppleWebKit/537.36 (KHTML, like Gecko) Chrome/86.0.4240.183 Safari/537.36"
223.70.167.234 - - [08/Feb/2022:03:53:08 +0000] "GET /blog/.env HTTP/1.1" 404 444 "-" "Mozilla/5.0 (Windows NT 6.1) AppleWebKit/537.36 (KHTML, like Gecko) Chrome/86.0.4240.183 Safari/537.36"
223.70.167.234 - - [08/Feb/2022:03:53:08 +0000] "GET /crm/.env HTTP/1.1" 404 444 "-" "Mozilla/5.0 (Windows NT 6.1) AppleWebKit/537.36 (KHTML, like Gecko) Chrome/86.0.4240.183 Safari/537.36"
223.70.167.234 - - [08/Feb/2022:03:53:09 +0000] "GET /admin/.env HTTP/1.1" 404 444 "-" "Mozilla/5.0 (Windows NT 6.1) AppleWebKit/537.36 (KHTML, like Gecko) Chrome/86.0.4240.183 Safari/537.36"
223.70.167.234 - - [08/Feb/2022:03:53:09 +0000] "GET /laravel/.env HTTP/1.1" 404 444 "-" "Mozilla/5.0 (Windows NT 6.1) AppleWebKit/537.36 (KHTML, like Gecko) Chrome/86.0.4240.183 Safari/537.36"
223.70.167.234 - - [08/Feb/2022:03:53:10 +0000] "GET /app/.env HTTP/1.1" 404 444 "-" "Mozilla/5.0 (Windows NT 6.1) AppleWebKit/537.36 (KHTML, like Gecko) Chrome/86.0.4240.183 Safari/537.36"
223.70.167.234 - - [08/Feb/2022:03:53:11 +0000] "GET /app/config/.env HTTP/1.1" 404 444 "-" "Mozilla/5.0 (Windows NT 6.1) AppleWebKit/537.36 (KHTML, like Gecko) Chrome/86.0.4240.183 Safari/537.36"
223.70.167.234 - - [08/Feb/2022:03:53:11 +0000] "GET /apps/.env HTTP/1.1" 404 444 "-" "Mozilla/5.0 (Windows NT 6.1) AppleWebKit/537.36 (KHTML, like Gecko) Chrome/86.0.4240.183 Safari/537.36"
223.70.167.234 - - [08/Feb/2022:03:53:12 +0000] "GET /audio/.env HTTP/1.1" 404 444 "-" "Mozilla/5.0 (Windows NT 6.1) AppleWebKit/537.36 (KHTML, like Gecko) Chrome/86.0.4240.183 Safari/537.36"
223.70.167.234 - - [08/Feb/2022:03:53:13 +0000] "GET /cgi-bin/.env HTTP/1.1" 404 444 "-" "Mozilla/5.0 (Windows NT 6.1) AppleWebKit/537.36 (KHTML, like Gecko) Chrome/86.0.4240.183 Safari/537.36"
223.70.167.234 - - [08/Feb/2022:03:53:13 +0000] "GET /backend/.env HTTP/1.1" 404 444 "-" "Mozilla/5.0 (Windows NT 6.1) AppleWebKit/537.36 (KHTML, like Gecko) Chrome/86.0.4240.183 Safari/537.36"
223.70.167.234 - - [08/Feb/2022:03:53:14 +0000] "GET /src/.env HTTP/1.1" 404 444 "-" "Mozilla/5.0 (Windows NT 6.1) AppleWebKit/537.36 (KHTML, like Gecko) Chrome/86.0.4240.183 Safari/537.36"
223.70.167.234 - - [08/Feb/2022:03:53:14 +0000] "GET /base/.env HTTP/1.1" 404 444 "-" "Mozilla/5.0 (Windows NT 6.1) AppleWebKit/537.36 (KHTML, like Gecko) Chrome/86.0.4240.183 Safari/537.36"
223.70.167.234 - - [08/Feb/2022:03:53:15 +0000] "GET /core/.env HTTP/1.1" 404 444 "-" "Mozilla/5.0 (Windows NT 6.1) AppleWebKit/537.36 (KHTML, like Gecko) Chrome/86.0.4240.183 Safari/537.36"
223.70.167.234 - - [08/Feb/2022:03:53:16 +0000] "GET /vendor/laravel/.env HTTP/1.1" 404 444 "-" "Mozilla/5.0 (Windows NT 6.1) AppleWebKit/537.36 (KHTML, like Gecko) Chrome/86.0.4240.183 Safari/537.36"
223.70.167.234 - - [08/Feb/2022:03:53:16 +0000] "GET /storage/.env HTTP/1.1" 404 444 "-" "Mozilla/5.0 (Windows NT 6.1) AppleWebKit/537.36 (KHTML, like Gecko) Chrome/86.0.4240.183 Safari/537.36"
223.70.167.234 - - [08/Feb/2022:03:53:17 +0000] "GET /protected/.env HTTP/1.1" 404 444 "-" "Mozilla/5.0 (Windows NT 6.1) AppleWebKit/537.36 (KHTML, like Gecko) Chrome/86.0.4240.183 Safari/537.36"
223.70.167.234 - - [08/Feb/2022:03:53:17 +0000] "GET /newsite/.env HTTP/1.1" 404 444 "-" "Mozilla/5.0 (Windows NT 6.1) AppleWebKit/537.36 (KHTML, like Gecko) Chrome/86.0.4240.183 Safari/537.36"
223.70.167.234 - - [08/Feb/2022:03:53:18 +0000] "GET /www/.env HTTP/1.1" 404 444 "-" "Mozilla/5.0 (Windows NT 6.1) AppleWebKit/537.36 (KHTML, like Gecko) Chrome/86.0.4240.183 Safari/537.36"
223.70.167.234 - - [08/Feb/2022:03:53:18 +0000] "GET /sites/all/libraries/mailchimp/.env HTTP/1.1" 404 444 "-" "Mozilla/5.0 (Windows NT 6.1) AppleWebKit/537.36 (KHTML, like Gecko) Chrome/86.0.4240.183 Safari/537.36"
223.70.167.234 - - [08/Feb/2022:03:53:19 +0000] "GET /database/.env HTTP/1.1" 404 444 "-" "Mozilla/5.0 (Windows NT 6.1) AppleWebKit/537.36 (KHTML, like Gecko) Chrome/86.0.4240.183 Safari/537.36"
223.70.167.234 - - [08/Feb/2022:03:53:20 +0000] "GET /public/.env HTTP/1.1" 404 444 "-" "Mozilla/5.0 (Windows NT 6.1) AppleWebKit/537.36 (KHTML, like Gecko) Chrome/86.0.4240.183 Safari/537.36"
223.70.167.234 - - [08/Feb/2022:03:53:20 +0000] "GET /159.89.54.141/.env HTTP/1.1" 404 444 "-" "Mozilla/5.0 (Windows NT 6.1) AppleWebKit/537.36 (KHTML, like Gecko) Chrome/86.0.4240.183 Safari/537.36"
223.70.167.234 - - [08/Feb/2022:03:53:21 +0000] "POST / HTTP/1.1" 405 426 "-" "Mozilla/5.0 (Windows NT 6.1) AppleWebKit/537.36 (KHTML, like Gecko) Chrome/86.0.4240.183 Safari/537.36"
223.70.167.234 - - [08/Feb/2022:03:53:22 +0000] "GET /vendor/phpunit/phpunit/src/Util/PHP/eval-stdin.php HTTP/1.1" 404 444 "-" "Mozilla/5.0 (Windows NT 6.1) AppleWebKit/537.36 (KHTML, like Gecko) Chrome/86.0.4240.183 Safari/537.36"
109.237.103.9 - - [08/Feb/2022:04:22:48 +0000] "GET /.env HTTP/1.1" 404 444 "-" "Mozilla/5.0 (X11; Linux x86_64) AppleWebKit/537.36 (KHTML, like Gecko) Chrome/81.0.4044.129 Safari/537.36"
20.114.57.162 - - [08/Feb/2022:04:57:35 +0000] "GET /.env HTTP/1.1" 404 444 "-" "Mozilla/5.0 (X11; Linux x86_64) AppleWebKit/537.36 (KHTML, like Gecko) Chrome/81.0.4044.129 Safari/537.36"
20.114.57.162 - - [08/Feb/2022:04:57:36 +0000] "POST / HTTP/1.1" 405 426 "-" "Mozilla/5.0 (X11; Linux x86_64) AppleWebKit/537.36 (KHTML, like Gecko) Chrome/81.0.4044.129 Safari/537.36"
207.6.126.16 - - [08/Feb/2022:06:36:56 +0000] "GET /admin HTTP/1.1" 200 343 "-" "Mozilla/5.0 (Windows NT 10.0; Win64; x64; rv:96.0) Gecko/20100101 Firefox/96.0"
207.6.126.16 - - [08/Feb/2022:06:37:02 +0000] "GET /about HTTP/1.1" 200 348 "-" "Mozilla/5.0 (Windows NT 10.0; Win64; x64; rv:96.0) Gecko/20100101 Firefox/96.0"
109.73.184.230 - - [08/Feb/2022:07:12:13 +0000] "GET / HTTP/1.1" 200 189 "-" "Mozilla/5.0 (Macintosh; Intel Mac OS X 10_11_6) AppleWebKit/601.7.7 (KHTML, like Gecko) Version/9.1.2 Safari/601.7.7"
109.237.103.123 - - [08/Feb/2022:07:13:05 +0000] "GET /.env HTTP/1.1" 404 444 "-" "Mozilla/5.0 (X11; Linux x86_64) AppleWebKit/537.36 (KHTML, like Gecko) Chrome/81.0.4044.129 Safari/537.36"
167.94.138.63 - - [08/Feb/2022:07:33:57 +0000] "GET / HTTP/1.1" 200 189 "-" "-"
167.94.138.63 - - [08/Feb/2022:07:33:57 +0000] "GET / HTTP/1.1" 200 263 "-" "Mozilla/5.0 (compatible; CensysInspect/1.1; +https://about.censys.io/)"
37.192.40.240 - - [08/Feb/2022:07:44:58 +0000] "GET / HTTP/1.1" 200 189 "-" "Mozilla/5.0 (Windows NT 6.1; WOW64) AppleWebKit/537.36 (KHTML, like Gecko) Chrome/52.0.2743.116 Safari/537.36"
176.111.221.6 - - [08/Feb/2022:07:49:58 +0000] "GET /.env HTTP/1.1" 404 444 "-" "Mozilla/5.0 (X11; Linux x86_64) AppleWebKit/537.36 (KHTML, like Gecko) Chrome/81.0.4044.129 Safari/537.36"
176.111.221.6 - - [08/Feb/2022:07:50:00 +0000] "POST / HTTP/1.1" 405 426 "-" "Mozilla/5.0 (X11; Linux x86_64) AppleWebKit/537.36 (KHTML, like Gecko) Chrome/81.0.4044.129 Safari/537.36"
176.111.221.6 - - [08/Feb/2022:07:51:29 +0000] "GET /.env HTTP/1.1" 404 444 "-" "Mozilla/5.0 (X11; Linux x86_64) AppleWebKit/537.36 (KHTML, like Gecko) Chrome/81.0.4044.129 Safari/537.36"
176.111.221.6 - - [08/Feb/2022:07:51:35 +0000] "POST / HTTP/1.1" 405 426 "-" "Mozilla/5.0 (X11; Linux x86_64) AppleWebKit/537.36 (KHTML, like Gecko) Chrome/81.0.4044.129 Safari/537.36"
130.211.54.158 - - [08/Feb/2022:08:00:14 +0000] "GET / HTTP/1.1" 200 319 "-" "python-requests/2.27.1"
154.20.194.94 - - [08/Feb/2022:08:04:42 +0000] "GET / HTTP/1.1" 200 319 "-" "Mozilla/5.0 (Windows NT 10.0; Win64; x64) AppleWebKit/537.36 (KHTML, like Gecko) Chrome/97.0.4692.99 Safari/537.36"
154.20.194.94 - - [08/Feb/2022:08:04:42 +0000] "GET /favicon.ico HTTP/1.1" 404 443 "http://159.89.54.141/" "Mozilla/5.0 (Windows NT 10.0; Win64; x64) AppleWebKit/537.36 (KHTML, like Gecko) Chrome/97.0.4692.99 Safari/537.36"
206.248.151.68 - - [08/Feb/2022:08:04:44 +0000] "GET / HTTP/1.1" 200 282 "https://www.google.com/" "Mozilla/5.0 (Windows NT 6.1; WOW64) AppleWebKit/537.36 (KHTML, like Gecko) Chrome/29.0.1547.66 Safari/537.36"
154.20.194.94 - - [08/Feb/2022:08:04:49 +0000] "GET /about HTTP/1.1" 200 348 "-" "Mozilla/5.0 (Windows NT 10.0; Win64; x64) AppleWebKit/537.36 (KHTML, like Gecko) Chrome/97.0.4692.99 Safari/537.36"
154.20.194.94 - - [08/Feb/2022:08:04:56 +0000] "GET /admin HTTP/1.1" 200 343 "-" "Mozilla/5.0 (Windows NT 10.0; Win64; x64) AppleWebKit/537.36 (KHTML, like Gecko) Chrome/97.0.4692.99 Safari/537.36"
162.142.125.221 - - [08/Feb/2022:09:10:33 +0000] "GET / HTTP/1.1" 200 189 "-" "-"
162.142.125.221 - - [08/Feb/2022:09:10:33 +0000] "GET / HTTP/1.1" 200 263 "-" "Mozilla/5.0 (compatible; CensysInspect/1.1; +https://about.censys.io/)"
45.146.165.37 - - [08/Feb/2022:09:11:35 +0000] "POST /vendor/phpunit/phpunit/src/Util/PHP/eval-stdin.php HTTP/1.1" 404 407 "-" "Mozilla/5.0 (Windows NT 10.0; Win64; x64) AppleWebKit/537.36 (KHTML, like Gecko) Chrome/78.0.3904.108 Safari/537.36"
45.146.165.37 - - [08/Feb/2022:10:07:31 +0000] "GET /vendor/phpunit/phpunit/src/Util/PHP/eval-stdin.php HTTP/1.1" 404 407 "-" "Mozilla/5.0 (Windows NT 10.0; Win64; x64) AppleWebKit/537.36 (KHTML, like Gecko) Chrome/78.0.3904.108 Safari/537.36"
45.146.165.37 - - [08/Feb/2022:10:45:25 +0000] "GET /index.php?s=/Index/\\think\\app/invokefunction&function=call_user_func_array&vars[0]=md5&vars[1][]=HelloThinkPHP21 HTTP/1.1" 404 407 "-" "Mozilla/5.0 (Windows NT 10.0; Win64; x64) AppleWebKit/537.36 (KHTML, like Gecko) Chrome/78.0.3904.108 Safari/537.36"
179.43.170.170 - - [08/Feb/2022:11:06:04 +0000] "GET / HTTP/1.1" 200 282 "-" "Mozilla/5.0 (X11; Ubuntu; Linux x86_64; rv:76.0) Gecko/20100101 Firefox/76.0"
164.92.252.4 - - [08/Feb/2022:11:19:31 +0000] "GET / HTTP/1.1" 200 319 "-" "Mozilla/5.0 (Windows NT 10.0; Win64; x64) AppleWebKit/537.36 (KHTML, like Gecko) Chrome/87.0.4280.141 Safari/537.36"
180.241.46.157 - - [08/Feb/2022:11:24:06 +0000] "GET / HTTP/1.1" 200 189 "-" "Mozilla/5.0 (Windows NT 10.0; WOW64) AppleWebKit/537.36 (KHTML, like Gecko) Chrome/51.0.2704.103 Safari/537.36"
45.146.165.37 - - [08/Feb/2022:11:40:37 +0000] "GET /?a=fetch&content=<php>die(@md5(HelloThinkCMF))</php> HTTP/1.1" 200 282 "-" "Mozilla/5.0 (Windows NT 10.0; Win64; x64) AppleWebKit/537.36 (KHTML, like Gecko) Chrome/78.0.3904.108 Safari/537.36"
136.144.41.117 - - [08/Feb/2022:12:20:06 +0000] "GET / HTTP/1.1" 200 282 "-" "Linux Gnu (cow)"
45.146.165.37 - - [08/Feb/2022:13:07:30 +0000] "POST /Autodiscover/Autodiscover.xml HTTP/1.1" 404 407 "-" "Mozilla/5.0 (Windows NT 10.0; Win64; x64) AppleWebKit/537.36 (KHTML, like Gecko) Chrome/78.0.3904.108 Safari/537.36"
144.48.170.242 - - [08/Feb/2022:13:20:49 +0000] "GET / HTTP/1.1" 200 189 "-" "Mozilla/5.0 (Windows NT 10.0; WOW64) AppleWebKit/537.36 (KHTML, like Gecko) Chrome/52.0.2743.116 Safari/537.36"
103.251.57.5 - - [08/Feb/2022:13:34:39 +0000] "GET / HTTP/1.1" 200 189 "-" "Mozilla/5.0 (Windows NT 10.0; WOW64) AppleWebKit/537.36 (KHTML, like Gecko) Chrome/51.0.2704.103 Safari/537.36"
45.146.165.37 - - [08/Feb/2022:14:31:09 +0000] "GET / HTTP/1.1" 200 282 "-" "Mozilla/5.0 (Windows NT 10.0; Win64; x64) AppleWebKit/537.36 (KHTML, like Gecko) Chrome/78.0.3904.108 Safari/537.36"
192.241.206.179 - - [08/Feb/2022:15:47:46 +0000] "GET / HTTP/1.1" 200 263 "-" "Mozilla/5.0 zgrab/0.x"
193.118.53.218 - - [08/Feb/2022:15:52:57 +0000] "GET / HTTP/1.1" 200 263 "-" "Mozilla/5.0 (Windows NT 10.0; Win64; x64) AppleWebKit/537.36 (KHTML, like Gecko) Chrome/60.0.3112.113 Safari/537.36"
45.146.165.37 - - [08/Feb/2022:15:53:57 +0000] "GET / HTTP/1.1" 200 282 "-" "Mozilla/5.0 (Windows NT 10.0; Win64; x64) AppleWebKit/537.36 (KHTML, like Gecko) Chrome/78.0.3904.108 Safari/537.36"
103.207.42.166 - - [08/Feb/2022:15:54:43 +0000] "GET /.env HTTP/1.1" 404 444 "-" "Mozilla/5.0 (Linux; U; Android 4.4.2; en-US; HM NOTE 1W Build/KOT49H) AppleWebKit/534.30 (KHTML, like Gecko) Version/4.0 UCBrowser/11.0.5.850 U3/0.8.0 Mobile Safari/534.30"
103.207.42.166 - - [08/Feb/2022:15:54:49 +0000] "POST / HTTP/1.1" 405 426 "-" "Mozilla/5.0 (Linux; U; Android 4.4.2; en-US; HM NOTE 1W Build/KOT49H) AppleWebKit/534.30 (KHTML, like Gecko) Version/4.0 UCBrowser/11.0.5.850 U3/0.8.0 Mobile Safari/534.30"
201.150.172.46 - - [08/Feb/2022:16:02:03 +0000] "GET / HTTP/1.1" 200 189 "-" "Mozilla/5.0 (Windows NT 6.1; WOW64) AppleWebKit/537.36 (KHTML, like Gecko) Chrome/52.0.2743.116 Safari/537.36"
179.43.170.170 - - [08/Feb/2022:16:27:44 +0000] "GET / HTTP/1.1" 200 282 "-" "Mozilla/5.0 (X11; Ubuntu; Linux x86_64; rv:76.0) Gecko/20100101 Firefox/76.0"
128.199.2.117 - - [08/Feb/2022:16:29:31 +0000] "GET / HTTP/1.1" 200 282 "-" "Mozilla/5.0 (iPhone; CPU iPhone OS 12_4 like Mac OS X) AppleWebKit/605.1.15 (KHTML, like Gecko) Mobile/15E148 MicroMessenger/7.0.3(0x17000321) NetType/WIFI Language/zh_CN"
128.199.2.117 - - [08/Feb/2022:16:29:49 +0000] "GET /.git/config HTTP/1.1" 404 407 "-" "Mozilla/5.0 (Macintosh; Intel Mac OS X 10_15_7) AppleWebKit/537.36 (KHTML, like Gecko) Chrome/95.0.4638.69 Safari/537.36"
128.199.2.117 - - [08/Feb/2022:16:30:12 +0000] "GET /static../.git/config HTTP/1.1" 404 407 "-" "Mozilla/5.0 (Macintosh; Intel Mac OS X 10_15_7) AppleWebKit/537.36 (KHTML, like Gecko) Chrome/95.0.4638.69 Safari/537.36"
128.199.2.117 - - [08/Feb/2022:16:30:12 +0000] "GET /js../.git/config HTTP/1.1" 404 407 "-" "Mozilla/5.0 (Macintosh; Intel Mac OS X 10_15_7) AppleWebKit/537.36 (KHTML, like Gecko) Chrome/95.0.4638.69 Safari/537.36"
128.199.2.117 - - [08/Feb/2022:16:30:13 +0000] "GET /images../.git/config HTTP/1.1" 404 407 "-" "Mozilla/5.0 (Macintosh; Intel Mac OS X 10_15_7) AppleWebKit/537.36 (KHTML, like Gecko) Chrome/95.0.4638.69 Safari/537.36"
128.199.2.117 - - [08/Feb/2022:16:30:13 +0000] "GET /img../.git/config HTTP/1.1" 404 407 "-" "Mozilla/5.0 (Macintosh; Intel Mac OS X 10_15_7) AppleWebKit/537.36 (KHTML, like Gecko) Chrome/95.0.4638.69 Safari/537.36"
128.199.2.117 - - [08/Feb/2022:16:30:13 +0000] "GET /css../.git/config HTTP/1.1" 404 407 "-" "Mozilla/5.0 (Macintosh; Intel Mac OS X 10_15_7) AppleWebKit/537.36 (KHTML, like Gecko) Chrome/95.0.4638.69 Safari/537.36"
128.199.2.117 - - [08/Feb/2022:16:30:13 +0000] "GET /assets../.git/config HTTP/1.1" 404 407 "-" "Mozilla/5.0 (Macintosh; Intel Mac OS X 10_15_7) AppleWebKit/537.36 (KHTML, like Gecko) Chrome/95.0.4638.69 Safari/537.36"
128.199.2.117 - - [08/Feb/2022:16:30:13 +0000] "GET /content../.git/config HTTP/1.1" 404 407 "-" "Mozilla/5.0 (Macintosh; Intel Mac OS X 10_15_7) AppleWebKit/537.36 (KHTML, like Gecko) Chrome/95.0.4638.69 Safari/537.36"
128.199.2.117 - - [08/Feb/2022:16:30:13 +0000] "GET /events../.git/config HTTP/1.1" 404 407 "-" "Mozilla/5.0 (Macintosh; Intel Mac OS X 10_15_7) AppleWebKit/537.36 (KHTML, like Gecko) Chrome/95.0.4638.69 Safari/537.36"
128.199.2.117 - - [08/Feb/2022:16:30:13 +0000] "GET /media../.git/config HTTP/1.1" 404 407 "-" "Mozilla/5.0 (Macintosh; Intel Mac OS X 10_15_7) AppleWebKit/537.36 (KHTML, like Gecko) Chrome/95.0.4638.69 Safari/537.36"
128.199.2.117 - - [08/Feb/2022:16:30:14 +0000] "GET /lib../.git/config HTTP/1.1" 404 407 "-" "Mozilla/5.0 (Macintosh; Intel Mac OS X 10_15_7) AppleWebKit/537.36 (KHTML, like Gecko) Chrome/95.0.4638.69 Safari/537.36"
192.31.180.132 - - [08/Feb/2022:17:09:21 +0000] "GET /update-sensor.html HTTP/1.1" 404 444 "-" "Mozilla/5.0 (Windows NT 10.0; Win64; x64; rv:96.0) Gecko/20100101 Firefox/96.0"
192.31.180.132 - - [08/Feb/2022:17:09:21 +0000] "GET /favicon.ico HTTP/1.1" 404 443 "http://159.89.54.141/update-sensor.html" "Mozilla/5.0 (Windows NT 10.0; Win64; x64; rv:96.0) Gecko/20100101 Firefox/96.0"
192.31.180.132 - - [08/Feb/2022:17:09:56 +0000] "GET /update-sensor HTTP/1.1" 404 444 "-" "Mozilla/5.0 (Windows NT 10.0; Win64; x64; rv:96.0) Gecko/20100101 Firefox/96.0"
192.31.180.132 - - [08/Feb/2022:17:09:58 +0000] "GET /update-sensor HTTP/1.1" 404 443 "-" "Mozilla/5.0 (Windows NT 10.0; Win64; x64; rv:96.0) Gecko/20100101 Firefox/96.0"
192.31.180.132 - - [08/Feb/2022:17:10:02 +0000] "GET / HTTP/1.1" 200 318 "-" "Mozilla/5.0 (Windows NT 10.0; Win64; x64; rv:96.0) Gecko/20100101 Firefox/96.0"
192.31.180.132 - - [08/Feb/2022:17:10:07 +0000] "GET /update-sensor HTTP/1.1" 404 444 "-" "Mozilla/5.0 (Windows NT 10.0; Win64; x64; rv:96.0) Gecko/20100101 Firefox/96.0"
65.154.226.165 - - [08/Feb/2022:17:10:21 +0000] "GET /update-sensor.html HTTP/1.1" 404 444 "-" "Mozilla/5.0 (Windows NT 10.0; Win64; x64) AppleWebKit/537.36 (KHTML, like Gecko) Chrome/76.0.3809.71 Safari/537.36"
192.31.180.132 - - [08/Feb/2022:17:11:09 +0000] "GET /update HTTP/1.1" 404 444 "-" "Mozilla/5.0 (Windows NT 10.0; Win64; x64; rv:96.0) Gecko/20100101 Firefox/96.0"
192.31.180.132 - - [08/Feb/2022:17:11:10 +0000] "GET /favicon.ico HTTP/1.1" 404 443 "http://159.89.54.141/update" "Mozilla/5.0 (Windows NT 10.0; Win64; x64; rv:96.0) Gecko/20100101 Firefox/96.0"
192.31.180.132 - - [08/Feb/2022:17:11:11 +0000] "GET /update HTTP/1.1" 404 444 "-" "Mozilla/5.0 (Windows NT 10.0; Win64; x64; rv:96.0) Gecko/20100101 Firefox/96.0"
192.31.180.132 - - [08/Feb/2022:17:11:12 +0000] "GET /update HTTP/1.1" 404 443 "-" "Mozilla/5.0 (Windows NT 10.0; Win64; x64; rv:96.0) Gecko/20100101 Firefox/96.0"
192.31.180.132 - - [08/Feb/2022:17:11:27 +0000] "GET /update HTTP/1.1" 404 444 "-" "Mozilla/5.0 (Windows NT 10.0; Win64; x64; rv:96.0) Gecko/20100101 Firefox/96.0"
192.31.180.132 - - [08/Feb/2022:17:11:27 +0000] "GET /favicon.ico HTTP/1.1" 404 443 "http://159.89.54.141/update" "Mozilla/5.0 (Windows NT 10.0; Win64; x64; rv:96.0) Gecko/20100101 Firefox/96.0"
192.31.180.132 - - [08/Feb/2022:17:13:45 +0000] "GET /update HTTP/1.1" 404 444 "-" "Mozilla/5.0 (Windows NT 10.0; Win64; x64; rv:96.0) Gecko/20100101 Firefox/96.0"
192.31.180.132 - - [08/Feb/2022:17:13:56 +0000] "GET /update HTTP/1.1" 404 444 "-" "Mozilla/5.0 (Windows NT 10.0; Win64; x64; rv:96.0) Gecko/20100101 Firefox/96.0"
192.31.180.132 - - [08/Feb/2022:17:14:02 +0000] "GET /admin HTTP/1.1" 200 343 "-" "Mozilla/5.0 (Windows NT 10.0; Win64; x64; rv:96.0) Gecko/20100101 Firefox/96.0"
192.31.180.132 - - [08/Feb/2022:17:16:42 +0000] "GET /update HTTP/1.1" 404 444 "-" "Mozilla/5.0 (Windows NT 10.0; Win64; x64; rv:96.0) Gecko/20100101 Firefox/96.0"
192.31.180.132 - - [08/Feb/2022:17:16:49 +0000] "GET /update HTTP/1.1" 404 444 "-" "Mozilla/5.0 (Windows NT 10.0; Win64; x64; rv:96.0) Gecko/20100101 Firefox/96.0"
192.31.180.132 - - [08/Feb/2022:17:18:05 +0000] "GET /update HTTP/1.1" 404 444 "-" "Mozilla/5.0 (Windows NT 10.0; Win64; x64; rv:96.0) Gecko/20100101 Firefox/96.0"
192.31.180.132 - - [08/Feb/2022:17:18:06 +0000] "GET /update HTTP/1.1" 404 443 "-" "Mozilla/5.0 (Windows NT 10.0; Win64; x64; rv:96.0) Gecko/20100101 Firefox/96.0"
192.31.180.132 - - [08/Feb/2022:17:18:07 +0000] "GET /update HTTP/1.1" 404 443 "-" "Mozilla/5.0 (Windows NT 10.0; Win64; x64; rv:96.0) Gecko/20100101 Firefox/96.0"
192.31.180.132 - - [08/Feb/2022:17:18:14 +0000] "GET / HTTP/1.1" 200 319 "-" "Mozilla/5.0 (Windows NT 10.0; Win64; x64; rv:96.0) Gecko/20100101 Firefox/96.0"
192.31.180.132 - - [08/Feb/2022:17:18:20 +0000] "GET /update HTTP/1.1" 404 444 "-" "Mozilla/5.0 (Windows NT 10.0; Win64; x64; rv:96.0) Gecko/20100101 Firefox/96.0"
192.31.180.132 - - [08/Feb/2022:17:19:11 +0000] "GET /test HTTP/1.1" 404 444 "-" "Mozilla/5.0 (Windows NT 10.0; Win64; x64; rv:96.0) Gecko/20100101 Firefox/96.0"
192.31.180.132 - - [08/Feb/2022:17:19:18 +0000] "GET /update HTTP/1.1" 404 444 "-" "Mozilla/5.0 (Windows NT 10.0; Win64; x64; rv:96.0) Gecko/20100101 Firefox/96.0"
192.31.180.132 - - [08/Feb/2022:17:19:39 +0000] "GET /update HTTP/1.1" 200 361 "-" "Mozilla/5.0 (Windows NT 10.0; Win64; x64; rv:96.0) Gecko/20100101 Firefox/96.0"
185.254.196.223 - - [08/Feb/2022:17:27:39 +0000] "GET /.env HTTP/1.1" 404 444 "-" "Mozilla/5.0 (X11; Linux x86_64) AppleWebKit/537.36 (KHTML, like Gecko) Chrome/81.0.4044.129 Safari/537.36"
185.254.196.223 - - [08/Feb/2022:17:27:41 +0000] "POST / HTTP/1.1" 405 426 "-" "Mozilla/5.0 (X11; Linux x86_64) AppleWebKit/537.36 (KHTML, like Gecko) Chrome/81.0.4044.129 Safari/537.36"
123.160.221.20 - - [08/Feb/2022:17:39:46 +0000] "GET / HTTP/1.1" 200 189 "-" "curl/7.64.1"
8.31.2.109 - - [08/Feb/2022:17:39:53 +0000] "GET / HTTP/1.1" 200 319 "-" "Mozilla/5.0 (Macintosh; Intel Mac OS X 10_15_7) AppleWebKit/537.36 (KHTML, like Gecko) Chrome/96.0.4664.110 Safari/537.36"
8.31.2.109 - - [08/Feb/2022:17:39:55 +0000] "GET /favicon.ico HTTP/1.1" 404 443 "-" "Mozilla/5.0 (Macintosh; Intel Mac OS X 10_15_7) AppleWebKit/537.36 (KHTML, like Gecko) Chrome/96.0.4664.110 Safari/537.36"
20.55.53.144 - - [08/Feb/2022:17:52:24 +0000] "GET /jNvcer7Vzs29K3EqoQxSCipR6Ic HTTP/1.1" 404 388 "-" "Mozilla/5.0 (Windows NT 10.0; Win64; x64) AppleWebKit/537.36 (KHTML, like Gecko) Chrome/79.0.3945.117 Safari/537.36"
45.9.20.65 - - [08/Feb/2022:18:05:20 +0000] "GET /php.php HTTP/1.1" 404 407 "-" "Mozilla/5.0 (Windows NT 5.1) AppleWebKit/537.36 (KHTML, like Gecko) Chrome/41.0.2224.3 Safari/537.36"
45.9.20.65 - - [08/Feb/2022:18:05:27 +0000] "GET /info.php HTTP/1.1" 404 407 "-" "Mozilla/5.0 (X11; Ubuntu; Linux x86_64) AppleWebKit/537.36 (KHTML, like Gecko) Chrome/55.0.2919.83 Safari/537.36"
45.9.20.65 - - [08/Feb/2022:18:05:30 +0000] "GET /infophp.php HTTP/1.1" 404 407 "-" "Mozilla/5.0 (Windows NT 10.0) AppleWebKit/537.36 (KHTML, like Gecko) Chrome/40.0.2214.93 Safari/537.36"
45.9.20.65 - - [08/Feb/2022:18:05:34 +0000] "GET /php_info.php HTTP/1.1" 404 407 "-" "Mozilla/5.0 (Windows NT 10.0; Win64; x64) AppleWebKit/537.36 (KHTML, like Gecko) Chrome/89.0.4389.114 Safari/537.36"
45.9.20.65 - - [08/Feb/2022:18:05:45 +0000] "GET /asdf.php HTTP/1.1" 404 407 "-" "Mozilla/5.0 (Windows NT 10.0; WOW64) AppleWebKit/537.36 (KHTML, like Gecko) Chrome/89.0.4389.114 Safari/537.36"
45.9.20.65 - - [08/Feb/2022:18:05:52 +0000] "GET /phpversion.php HTTP/1.1" 404 407 "-" "Mozilla/5.0 (Macintosh; Intel Mac OS X 10_8_4) AppleWebKit/537.36 (KHTML, like Gecko) Chrome/49.0.2656.18 Safari/537.36"
45.9.20.65 - - [08/Feb/2022:18:05:55 +0000] "GET /time.php HTTP/1.1" 404 407 "-" "Mozilla/5.0 (X11; Ubuntu; Linux i686 on x86_64) AppleWebKit/537.36 (KHTML, like Gecko) Chrome/53.0.2820.59 Safari/537.36"
45.9.20.65 - - [08/Feb/2022:18:05:58 +0000] "GET /index.php HTTP/1.1" 404 407 "-" "Mozilla/5.0 (X11; Ubuntu; Linux x86_64) AppleWebKit/537.36 (KHTML, like Gecko) Chrome/55.0.2919.83 Safari/537.36"
45.9.20.65 - - [08/Feb/2022:18:06:09 +0000] "GET /infos.php HTTP/1.1" 404 407 "-" "Mozilla/5.0 (Windows NT 10.0; Win64; x64) AppleWebKit/537.36 (KHTML, like Gecko) Chrome/70.0.3538.77 Safari/537.36"
45.9.20.65 - - [08/Feb/2022:18:06:11 +0000] "GET /linusadmin-phpinfo.php HTTP/1.1" 404 407 "-" "Mozilla/5.0 (Windows NT 10.0; Win64; x64) AppleWebKit/537.36 (KHTML, like Gecko) Chrome/89.0.4389.114 Safari/537.36"
45.9.20.65 - - [08/Feb/2022:18:06:14 +0000] "GET /php-info.php HTTP/1.1" 404 407 "-" "Mozilla/5.0 (Windows NT 5.1) AppleWebKit/537.36 (KHTML, like Gecko) Chrome/41.0.2224.3 Safari/537.36"
45.9.20.65 - - [08/Feb/2022:18:06:18 +0000] "GET /dashboard/phpinfo.php HTTP/1.1" 404 407 "-" "Mozilla/5.0 (Windows NT 10.0; WOW64) AppleWebKit/537.36 (KHTML, like Gecko) Chrome/89.0.4389.114 Safari/537.36"
192.31.180.132 - - [08/Feb/2022:18:10:01 +0000] "GET /update HTTP/1.1" 200 361 "-" "Mozilla/5.0 (Windows NT 10.0; Win64; x64; rv:96.0) Gecko/20100101 Firefox/96.0"
192.31.180.132 - - [08/Feb/2022:18:10:01 +0000] "GET /favicon.ico HTTP/1.1" 404 443 "http://159.89.54.141/update" "Mozilla/5.0 (Windows NT 10.0; Win64; x64; rv:96.0) Gecko/20100101 Firefox/96.0"
205.169.39.52 - - [08/Feb/2022:18:10:41 +0000] "GET /update HTTP/1.1" 200 361 "-" "Mozilla/5.0 (Windows NT 10.0; Win64; x64) AppleWebKit/537.36 (KHTML, like Gecko) Chrome/76.0.3809.71 Safari/537.36"
164.90.180.89 - - [08/Feb/2022:18:36:58 +0000] "GET / HTTP/1.1" 200 245 "-" "-"
200.105.199.226 - - [08/Feb/2022:19:26:11 +0000] "GET / HTTP/1.1" 200 189 "-" "Mozilla/5.0 (Windows NT 10.0; WOW64) AppleWebKit/537.36 (KHTML, like Gecko) Chrome/52.0.2743.116 Safari/537.36"
31.57.26.24 - - [08/Feb/2022:23:08:01 +0000] "GET / HTTP/1.1" 200 245 "-" "Mozilla/5.0 (Windows NT 6.1; WOW64) AppleWebKit/537.36 (KHTML, like Gecko) Chrome/51.0.2704.103 Safari/537.36"
65.154.226.220 - - [08/Feb/2022:23:08:39 +0000] "GET /update-sensor.html HTTP/1.1" 404 444 "-" "Mozilla/5.0 (Windows NT 6.1; Win64; x64) AppleWebKit/537.36 (KHTML, like Gecko) Chrome/83.0.4103.61 Safari/537.36"
205.169.39.177 - - [09/Feb/2022:00:02:10 +0000] "GET /update HTTP/1.1" 200 361 "-" "Mozilla/5.0 (Windows NT 6.1; Win64; x64) AppleWebKit/537.36 (KHTML, like Gecko) Chrome/83.0.4103.61 Safari/537.36"
205.169.39.177 - - [09/Feb/2022:00:02:12 +0000] "GET /update HTTP/1.1" 200 361 "-" "Mozilla/5.0 (Windows NT 10.0; Win64; x64) AppleWebKit/537.36 (KHTML, like Gecko) Chrome/79.0.3945.79 Safari/537.36"
178.212.55.34 - - [09/Feb/2022:02:01:33 +0000] "GET / HTTP/1.1" 200 189 "-" "Mozilla/5.0 (Windows NT 6.1; WOW64) AppleWebKit/537.36 (KHTML, like Gecko) Chrome/51.0.2704.103 Safari/537.36"
207.6.126.16 - - [09/Feb/2022:02:48:49 +0000] "GET / HTTP/1.1" 200 319 "-" "Mozilla/5.0 (Windows NT 10.0; Win64; x64; rv:96.0) Gecko/20100101 Firefox/96.0"
207.6.126.16 - - [09/Feb/2022:02:48:50 +0000] "GET /favicon.ico HTTP/1.1" 404 443 "http://159.89.54.141/" "Mozilla/5.0 (Windows NT 10.0; Win64; x64; rv:96.0) Gecko/20100101 Firefox/96.0"
207.6.126.16 - - [09/Feb/2022:02:48:54 +0000] "GET /FlaskApp HTTP/1.1" 404 444 "-" "Mozilla/5.0 (Windows NT 10.0; Win64; x64; rv:96.0) Gecko/20100101 Firefox/96.0"
167.94.138.47 - - [09/Feb/2022:02:56:14 +0000] "GET / HTTP/1.1" 200 189 "-" "-"
167.94.138.47 - - [09/Feb/2022:02:56:14 +0000] "GET / HTTP/1.1" 200 263 "-" "Mozilla/5.0 (compatible; CensysInspect/1.1; +https://about.censys.io/)"
71.6.232.4 - - [09/Feb/2022:03:44:47 +0000] "GET / HTTP/1.1" 200 263 "-" "Mozilla/5.0 (Windows NT 10.0; Win64; x64) AppleWebKit/537.36 (KHTML, like Gecko) Chrome/74.0.3729.131 Safari/537.36"
66.240.236.109 - - [09/Feb/2022:04:37:07 +0000] "GET / HTTP/1.1" 200 263 "-" "Mozilla/5.0 zgrab/0.x"
189.127.145.140 - - [09/Feb/2022:04:50:23 +0000] "GET / HTTP/1.1" 200 189 "-" "Mozilla/5.0 (Windows NT 6.1; WOW64) AppleWebKit/537.36 (KHTML, like Gecko) Chrome/51.0.2704.103 Safari/537.36"
185.173.35.53 - - [09/Feb/2022:05:07:04 +0000] "GET / HTTP/1.1" 200 189 "-" "NetSystemsResearch studies the availability of various services across the internet. Our website is netsystemsresearch.com"
45.146.165.37 - - [09/Feb/2022:05:20:44 +0000] "POST /vendor/phpunit/phpunit/src/Util/PHP/eval-stdin.php HTTP/1.1" 404 407 "-" "Mozilla/5.0 (Windows NT 10.0; Win64; x64) AppleWebKit/537.36 (KHTML, like Gecko) Chrome/78.0.3904.108 Safari/537.36"
177.10.216.126 - - [09/Feb/2022:05:44:19 +0000] "GET / HTTP/1.1" 200 189 "-" "Mozilla/5.0 (Windows NT 10.0; WOW64) AppleWebKit/537.36 (KHTML, like Gecko) Chrome/52.0.2743.116 Safari/537.36"
162.142.125.8 - - [09/Feb/2022:05:45:53 +0000] "GET / HTTP/1.1" 200 189 "-" "-"
162.142.125.8 - - [09/Feb/2022:05:45:53 +0000] "GET / HTTP/1.1" 200 263 "-" "Mozilla/5.0 (compatible; CensysInspect/1.1; +https://about.censys.io/)"
45.146.165.37 - - [09/Feb/2022:06:07:42 +0000] "GET /vendor/phpunit/phpunit/src/Util/PHP/eval-stdin.php HTTP/1.1" 404 407 "-" "Mozilla/5.0 (Windows NT 10.0; Win64; x64) AppleWebKit/537.36 (KHTML, like Gecko) Chrome/78.0.3904.108 Safari/537.36"
13.94.104.198 - - [09/Feb/2022:06:17:25 +0000] "GET /.env HTTP/1.1" 404 444 "-" "Mozilla/5.0 (X11; Linux x86_64) AppleWebKit/537.36 (KHTML, like Gecko) Chrome/81.0.4044.129 Safari/537.36"
13.94.104.198 - - [09/Feb/2022:06:17:25 +0000] "POST / HTTP/1.1" 405 426 "-" "Mozilla/5.0 (X11; Linux x86_64) AppleWebKit/537.36 (KHTML, like Gecko) Chrome/81.0.4044.129 Safari/537.36"
45.146.165.37 - - [09/Feb/2022:06:48:13 +0000] "GET /solr/admin/info/system?wt=json HTTP/1.1" 404 407 "-" "Mozilla/5.0 (Windows NT 10.0; Win64; x64) AppleWebKit/537.36 (KHTML, like Gecko) Chrome/78.0.3904.108 Safari/537.36"
45.146.165.37 - - [09/Feb/2022:07:12:50 +0000] "GET /index.php?s=/Index/\\think\\app/invokefunction&function=call_user_func_array&vars[0]=md5&vars[1][]=HelloThinkPHP21 HTTP/1.1" 404 407 "-" "Mozilla/5.0 (Windows NT 10.0; Win64; x64) AppleWebKit/537.36 (KHTML, like Gecko) Chrome/78.0.3904.108 Safari/537.36"
109.237.103.123 - - [09/Feb/2022:07:31:24 +0000] "GET /.env HTTP/1.1" 404 444 "-" "Mozilla/5.0 (X11; Linux x86_64) AppleWebKit/537.36 (KHTML, like Gecko) Chrome/81.0.4044.129 Safari/537.36"
35.233.62.116 - - [09/Feb/2022:07:34:06 +0000] "GET / HTTP/1.1" 200 319 "-" "python-requests/2.27.1"
109.111.130.90 - - [09/Feb/2022:07:42:07 +0000] "GET / HTTP/1.1" 200 189 "-" "Mozilla/5.0 (Windows NT 10.0; WOW64) AppleWebKit/537.36 (KHTML, like Gecko) Chrome/52.0.2743.116 Safari/537.36"
45.9.20.65 - - [09/Feb/2022:08:15:28 +0000] "GET /autodiscover/autodiscover.json?@test.com/owa/?&Email=autodiscover/autodiscover.json%3F@test.com HTTP/1.1" 404 407 "-" "Mozilla/5.0 (Macintosh; Intel Mac OS X 10_8_3) AppleWebKit/537.36 (KHTML, like Gecko) Chrome/54.0.2866.71 Safari/537.36"
45.9.20.65 - - [09/Feb/2022:08:15:29 +0000] "GET /autodiscover/autodiscover.json?@test.com/mapi/nspi/?&Email=autodiscover/autodiscover.json%3F@test.com HTTP/1.1" 404 407 "-" "Mozilla/5.0 (Windows NT 10.0; Win64; x64) AppleWebKit/537.36 (KHTML, like Gecko) Chrome/89.0.4389.114 Safari/537.36"
45.146.165.37 - - [09/Feb/2022:08:26:14 +0000] "GET /?XDEBUG_SESSION_START=phpstorm HTTP/1.1" 200 282 "-" "Mozilla/5.0 (Windows NT 10.0; Win64; x64) AppleWebKit/537.36 (KHTML, like Gecko) Chrome/78.0.3904.108 Safari/537.36"
185.254.196.223 - - [09/Feb/2022:08:30:56 +0000] "GET /.env HTTP/1.1" 404 444 "-" "Mozilla/5.0 (X11; Linux x86_64) AppleWebKit/537.36 (KHTML, like Gecko) Chrome/81.0.4044.129 Safari/537.36"
185.254.196.223 - - [09/Feb/2022:08:30:56 +0000] "POST / HTTP/1.1" 405 426 "-" "Mozilla/5.0 (X11; Linux x86_64) AppleWebKit/537.36 (KHTML, like Gecko) Chrome/81.0.4044.129 Safari/537.36"
45.146.165.37 - - [09/Feb/2022:08:55:01 +0000] "GET /console/ HTTP/1.1" 404 407 "-" "Mozilla/5.0 (Windows NT 10.0; Win64; x64) AppleWebKit/537.36 (KHTML, like Gecko) Chrome/78.0.3904.108 Safari/537.36"
109.237.103.9 - - [09/Feb/2022:09:48:31 +0000] "GET /.env HTTP/1.1" 404 444 "-" "Mozilla/5.0 (X11; Linux x86_64) AppleWebKit/537.36 (KHTML, like Gecko) Chrome/81.0.4044.129 Safari/537.36"
170.254.224.2 - - [09/Feb/2022:09:51:24 +0000] "GET / HTTP/1.1" 200 189 "-" "Mozilla/5.0 (Windows NT 6.1; WOW64) AppleWebKit/537.36 (KHTML, like Gecko) Chrome/52.0.2743.116 Safari/537.36"
45.146.165.37 - - [09/Feb/2022:09:54:41 +0000] "POST /Autodiscover/Autodiscover.xml HTTP/1.1" 404 407 "-" "Mozilla/5.0 (Windows NT 10.0; Win64; x64) AppleWebKit/537.36 (KHTML, like Gecko) Chrome/78.0.3904.108 Safari/537.36"
179.43.170.170 - - [09/Feb/2022:10:19:04 +0000] "GET / HTTP/1.1" 200 282 "-" "Mozilla/5.0 (X11; Ubuntu; Linux x86_64; rv:76.0) Gecko/20100101 Firefox/76.0"
45.146.165.37 - - [09/Feb/2022:10:30:14 +0000] "GET /_ignition/execute-solution HTTP/1.1" 404 407 "-" "Mozilla/5.0 (Windows NT 10.0; Win64; x64) AppleWebKit/537.36 (KHTML, like Gecko) Chrome/78.0.3904.108 Safari/537.36"
45.146.165.37 - - [09/Feb/2022:10:40:09 +0000] "GET / HTTP/1.1" 200 282 "-" "Mozilla/5.0 (Windows NT 10.0; Win64; x64) AppleWebKit/537.36 (KHTML, like Gecko) Chrome/78.0.3904.108 Safari/537.36"
179.43.170.170 - - [09/Feb/2022:10:59:24 +0000] "GET / HTTP/1.1" 200 282 "-" "Mozilla/5.0 (X11; Ubuntu; Linux x86_64; rv:76.0) Gecko/20100101 Firefox/76.0"
185.254.196.223 - - [09/Feb/2022:11:30:08 +0000] "GET /.env HTTP/1.1" 404 444 "-" "Mozilla/5.0 (X11; Linux x86_64) AppleWebKit/537.36 (KHTML, like Gecko) Chrome/81.0.4044.129 Safari/537.36"
185.254.196.223 - - [09/Feb/2022:11:30:08 +0000] "POST / HTTP/1.1" 405 426 "-" "Mozilla/5.0 (X11; Linux x86_64) AppleWebKit/537.36 (KHTML, like Gecko) Chrome/81.0.4044.129 Safari/537.36"
185.220.101.42 - - [09/Feb/2022:11:36:00 +0000] "GET / HTTP/1.1" 200 282 "-" "Mozilla/5.0 (Windows NT 10.0; Win64; x64) AppleWebKit/537.36 (KHTML, like Gecko) Chrome/95.0.4638.69 Safari/537.36"
104.244.72.115 - - [09/Feb/2022:11:36:03 +0000] "GET /favicon.ico HTTP/1.1" 404 407 "-" "Mozilla/5.0 (Windows NT 10.0; Win64; x64) AppleWebKit/537.36 (KHTML, like Gecko) Chrome/95.0.4638.69 Safari/537.36"
45.146.165.37 - - [09/Feb/2022:11:36:06 +0000] "POST /cgi-bin/.%2e/.%2e/.%2e/.%2e/bin/sh HTTP/1.1" 400 487 "-" "Mozilla/5.0 (Windows NT 10.0; Win64; x64) AppleWebKit/537.36 (KHTML, like Gecko) Chrome/78.0.3904.108 Safari/537.36"
45.146.165.37 - - [09/Feb/2022:12:08:49 +0000] "GET / HTTP/1.1" 200 282 "-" "Mozilla/5.0 (Windows NT 10.0; Win64; x64) AppleWebKit/537.36 (KHTML, like Gecko) Chrome/78.0.3904.108 Safari/537.36"
65.49.20.67 - - [09/Feb/2022:12:55:06 +0000] "GET / HTTP/1.1" 200 189 "-" "-"
193.118.53.218 - - [09/Feb/2022:13:57:09 +0000] "GET / HTTP/1.1" 200 263 "-" "Mozilla/5.0 (Windows NT 10.0; Win64; x64) AppleWebKit/537.36 (KHTML, like Gecko) Chrome/60.0.3112.113 Safari/537.36"
167.248.133.120 - - [09/Feb/2022:14:04:05 +0000] "GET / HTTP/1.1" 200 189 "-" "-"
167.248.133.120 - - [09/Feb/2022:14:04:06 +0000] "GET / HTTP/1.1" 200 263 "-" "Mozilla/5.0 (compatible; CensysInspect/1.1; +https://about.censys.io/)"
185.254.196.223 - - [09/Feb/2022:14:33:26 +0000] "GET /.env HTTP/1.1" 404 444 "-" "Mozilla/5.0 (X11; Linux x86_64) AppleWebKit/537.36 (KHTML, like Gecko) Chrome/81.0.4044.129 Safari/537.36"
185.254.196.223 - - [09/Feb/2022:14:33:34 +0000] "POST / HTTP/1.1" 405 426 "-" "Mozilla/5.0 (X11; Linux x86_64) AppleWebKit/537.36 (KHTML, like Gecko) Chrome/81.0.4044.129 Safari/537.36"
103.138.4.23 - - [09/Feb/2022:14:43:57 +0000] "GET / HTTP/1.1" 200 189 "-" "Mozilla/5.0 (Macintosh; Intel Mac OS X 10_11_6) AppleWebKit/601.7.7 (KHTML, like Gecko) Version/9.1.2 Safari/601.7.7"
193.118.53.210 - - [09/Feb/2022:14:46:50 +0000] "GET / HTTP/1.1" 200 263 "-" "Mozilla/5.0 (Windows NT 10.0; Win64; x64) AppleWebKit/537.36 (KHTML, like Gecko) Chrome/60.0.3112.113 Safari/537.36"
89.44.180.186 - - [09/Feb/2022:15:00:07 +0000] "GET / HTTP/1.1" 200 189 "-" "Mozilla/5.0 (Macintosh; Intel Mac OS X 10_11_6) AppleWebKit/601.7.7 (KHTML, like Gecko) Version/9.1.2 Safari/601.7.7"
